 num     #instances         #bytes  class name (module)
-------------------------------------------------------
   1:        338416       39648896  [B (java.base@11.0.1)
   2:        288599        6926376  java.lang.String (java.base@11.0.1)
   3:         52907        5709688  [I (java.base@11.0.1)
   4:         64184        3594304  co.paralleluniverse.asm.SymbolTable$Entry
   5:         52018        2913008  co.paralleluniverse.asm.Label
   6:         70542        2257344  java.util.ArrayList$Itr (java.base@11.0.1)
   7:          6546        1466304  co.paralleluniverse.asm.MethodWriter
   8:         29518        1141528  [Ljava.lang.Object; (java.base@11.0.1)
   9:          6010         936984  [Lco.paralleluniverse.asm.Label;
  10:         14921         835576  jdk.internal.org.objectweb.asm.Item (java.base@11.0.1)
  11:         23792         761344  java.util.HashMap$Node (java.base@11.0.1)
  12:          6585         669984  [C (java.base@11.0.1)
  13:          9714         621696  java.nio.DirectByteBufferR (java.base@11.0.1)
  14:         12057         578736  co.paralleluniverse.asm.Frame
  15:         23989         575736  java.util.ArrayList (java.base@11.0.1)
  16:          8923         572248  [Ljava.lang.String; (java.base@11.0.1)
  17:         23494         563856  co.paralleluniverse.asm.ByteVector
  18:           525         526296  [Lco.paralleluniverse.asm.SymbolTable$Entry;
  19:          4342         521040  co.paralleluniverse.asm.tree.MethodNode
  20:         12508         500320  co.paralleluniverse.asm.tree.VarInsnNode
  21:          9018         497616  [J (java.base@11.0.1)
  22:         10827         433080  co.paralleluniverse.asm.tree.LabelNode
  23:          8518         408864  co.paralleluniverse.asm.tree.LineNumberNode
  24:          9317         372680  co.paralleluniverse.asm.tree.InsnNode
  25:          3068         367768  java.lang.Class (java.base@11.0.1)
  26:          5520         309120  co.paralleluniverse.asm.tree.MethodInsnNode
  27:           520         303680  [Ljdk.internal.org.objectweb.asm.Item; (java.base@11.0.1)
  28:          9224         295168  java.lang.invoke.LambdaForm$Name (java.base@11.0.1)
  29:         11784         282816  co.paralleluniverse.asm.Edge
  30:          1813         279728  [Ljava.util.HashMap$Node; (java.base@11.0.1)
  31:          2149         275072  co.paralleluniverse.asm.commons.JSRInlinerAdapter
  32:          8955         267608  [Ljava.lang.Class; (java.base@11.0.1)
  33:          7700         246400  java.util.concurrent.ConcurrentHashMap$Node (java.base@11.0.1)
  34:             7         229488  [Ljava.util.concurrent.ForkJoinTask; (java.base@11.0.1)
  35:          5529         221160  java.lang.invoke.MethodType (java.base@11.0.1)
  36:          6491         207712  co.paralleluniverse.asm.tree.InsnList
  37:          6194         198208  java.lang.invoke.MethodType$ConcurrentWeakInternSet$WeakEntry (java.base@11.0.1)
  38:          3894         186912  java.util.HashMap (java.base@11.0.1)
  39:          4661         186440  co.paralleluniverse.asm.tree.LocalVariableNode
  40:          1872         157200  [Ljava.lang.invoke.LambdaForm$Name; (java.base@11.0.1)
  41:          2182         157104  co.paralleluniverse.fibers.instrument.SuspOffsetsAfterInstrClassVisitor$1
  42:          6434         154416  java.lang.StringBuilder (java.base@11.0.1)
  43:          3006         144288  co.paralleluniverse.asm.tree.FieldInsnNode
  44:          3488         139520  java.util.TreeMap$Entry (java.base@11.0.1)
  45:          2160         138240  co.paralleluniverse.fibers.instrument.InstrumentClass$1
  46:          1341         118008  java.lang.reflect.Method (java.base@11.0.1)
  47:          4773         114552  java.util.ServiceLoader$3 (java.base@11.0.1)
  48:          2236         107328  java.lang.invoke.MemberName (java.base@11.0.1)
  49:          4300         103200  java.util.BitSet (java.base@11.0.1)
  50:          2572         102880  co.paralleluniverse.fibers.instrument.CheckInstrumentationVisitor$1
  51:          2422          96880  co.paralleluniverse.asm.tree.JumpInsnNode
  52:           398          89152  jdk.internal.org.objectweb.asm.MethodWriter (java.base@11.0.1)
  53:          1305          83520  co.paralleluniverse.asm.FieldWriter
  54:           929          80976  [Lco.paralleluniverse.asm.tree.analysis.Value;
  55:           124          73952  [Ljava.util.concurrent.ConcurrentHashMap$Node; (java.base@11.0.1)
  56:          1479          70992  sun.util.locale.LocaleObjectCache$CacheEntry (java.base@11.0.1)
  57:          1260          70560  java.lang.invoke.LambdaFormEditor$Transform (java.base@11.0.1)
  58:          2132          68224  co.paralleluniverse.fibers.instrument.LabelSuspendableCallSitesClassVisitor$1
  59:          1686          67440  java.util.LinkedHashMap$Entry (java.base@11.0.1)
  60:          1028          65792  java.net.URL (java.base@11.0.1)
  61:          3987          63792  java.lang.Integer (java.base@11.0.1)
  62:           645          61920  java.util.jar.JarFile$JarFileEntry (java.base@11.0.1)
  63:          1871          59872  co.paralleluniverse.asm.Type
  64:          2149          51576  co.paralleluniverse.fibers.instrument.InstrumentClass$1$1
  65:          1532          49024  java.util.concurrent.locks.AbstractQueuedSynchronizer$Node (java.base@11.0.1)
  66:           273          48048  jdk.internal.org.objectweb.asm.ClassWriter (java.base@11.0.1)
  67:           544          47872  co.paralleluniverse.asm.Context
  68:           972          46656  co.paralleluniverse.asm.AnnotationWriter
  69:           725          46400  jdk.internal.org.objectweb.asm.Label (java.base@11.0.1)
  70:           668          45424  [Ljava.lang.ref.SoftReference; (java.base@11.0.1)
  71:          1107          44280  java.lang.ref.SoftReference (java.base@11.0.1)
  72:          1986          44264  [Lco.paralleluniverse.asm.Type;
  73:           885          42480  java.util.TreeMap (java.base@11.0.1)
  74:           747          41832  jdk.internal.org.objectweb.asm.AnnotationWriter (java.base@11.0.1)
  75:          1034          41360  co.paralleluniverse.asm.tree.TypeInsnNode
  76:          1691          40584  jdk.internal.org.objectweb.asm.ByteVector (java.base@11.0.1)
  77:          1261          40352  jdk.internal.org.objectweb.asm.Type (java.base@11.0.1)
  78:           248          33728  co.paralleluniverse.asm.ClassWriter
  79:           933          31928  [Z (java.base@11.0.1)
  80:           790          31600  co.paralleluniverse.asm.Handler
  81:           654          31392  jdk.internal.org.objectweb.asm.Frame (java.base@11.0.1)
  82:           771          30840  co.paralleluniverse.fibers.instrument.MethodDatabase$ClassEntry
  83:           369          30416  [Ljava.util.WeakHashMap$Entry; (java.base@11.0.1)
  84:           929          29728  co.paralleluniverse.fibers.instrument.TypeAnalyzer$TypeFrame
  85:           598          28704  jdk.internal.ref.CleanerImpl$PhantomCleanableRef (java.base@11.0.1)
  86:          1777          28432  java.lang.Object (java.base@11.0.1)
  87:           575          27600  java.lang.invoke.LambdaForm (java.base@11.0.1)
  88:           689          27560  co.paralleluniverse.asm.tree.IntInsnNode
  89:           801          25632  java.lang.invoke.LambdaForm$NamedFunction (java.base@11.0.1)
  90:           313          25040  sun.net.www.protocol.jar.URLJarFile (java.base@11.0.1)
  91:          1010          24240  java.lang.invoke.ResolvedMethodName (java.base@11.0.1)
  92:           372          23808  co.paralleluniverse.asm.SymbolTable
  93:           739          23648  java.util.Locale (java.base@11.0.1)
  94:           738          23616  sun.util.locale.BaseLocale (java.base@11.0.1)
  95:           738          23616  sun.util.locale.BaseLocale$Key (java.base@11.0.1)
  96:           419          23464  java.lang.invoke.MethodTypeForm (java.base@11.0.1)
  97:           571          22840  co.paralleluniverse.asm.tree.LdcInsnNode
  98:           459          22032  java.lang.invoke.ClassSpecializer$Factory$1Var (java.base@11.0.1)
  99:           905          21720  co.paralleluniverse.asm.tree.analysis.Subroutine
 100:           374          20944  java.util.concurrent.ConcurrentHashMap$ValueIterator (java.base@11.0.1)
 101:           461          18440  java.util.WeakHashMap$Entry (java.base@11.0.1)
 102:           247          17784  java.lang.reflect.Field (java.base@11.0.1)
 103:          1110          17760  java.util.jar.JarFile$1 (java.base@11.0.1)
 104:           314          17584  java.util.zip.ZipFile$ZipFileInflaterInputStream (java.base@11.0.1)
 105:           355          17040  java.util.WeakHashMap (java.base@11.0.1)
 106:           529          16928  java.io.File (java.base@11.0.1)
 107:           529          16928  java.lang.ref.WeakReference (java.base@11.0.1)
 108:           124          16864  co.paralleluniverse.fibers.instrument.DBClassWriter
 109:           421          16840  co.paralleluniverse.asm.ClassReader
 110:           421          16840  java.lang.invoke.DirectMethodHandle$Accessor (java.base@11.0.1)
 111:           121          15488  sun.nio.fs.UnixFileAttributes (java.base@11.0.1)
 112:           237          15168  java.lang.invoke.InvokerBytecodeGenerator (java.base@11.0.1)
 113:           314          15072  java.util.zip.ZipFile$ZipFileInputStream (java.base@11.0.1)
 114:           470          15040  java.util.TreeMap$KeyIterator (java.base@11.0.1)
 115:           467          14944  java.util.TreeMap$ValueIterator (java.base@11.0.1)
 116:           327          14744  [Ljdk.internal.org.objectweb.asm.Type; (java.base@11.0.1)
 117:           586          14064  java.lang.PublicMethods$MethodList (java.base@11.0.1)
 118:           212          13568  java.util.stream.ReferencePipeline$2 (java.base@11.0.1)
 119:           565          13560  java.lang.PublicMethods$Key (java.base@11.0.1)
 120:           840          13440  java.lang.invoke.LambdaFormEditor (java.base@11.0.1)
 121:           335          13400  java.lang.ref.Finalizer (java.base@11.0.1)
 122:           239          13384  java.util.stream.ReferencePipeline$Head (java.base@11.0.1)
 123:           334          13360  co.paralleluniverse.asm.tree.TypeAnnotationNode
 124:           208          13016  [Ljava.lang.reflect.Method; (java.base@11.0.1)
 125:           524          12576  java.lang.Long (java.base@11.0.1)
 126:           393          12576  java.lang.ref.ReferenceQueue (java.base@11.0.1)
 127:           120          12480  sun.net.www.protocol.file.FileURLConnection (java.base@11.0.1)
 128:           152          12160  java.lang.reflect.Constructor (java.base@11.0.1)
 129:           189          12096  java.lang.Class$ReflectionData (java.base@11.0.1)
 130:            32          12032  java.lang.Thread (java.base@11.0.1)
 131:           234          11232  co.paralleluniverse.asm.tree.IincInsnNode
 132:           467          11208  javax.management.ImmutableDescriptor (java.management@11.0.1)
 133:           341          10912  jdk.internal.math.FDBigInteger (java.base@11.0.1)
 134:           226          10848  java.lang.invoke.LambdaFormBuffer (java.base@11.0.1)
 135:           254          10160  co.paralleluniverse.asm.tree.TryCatchBlockNode
 136:           313          10016  java.util.zip.ZipFile$CleanableResource$FinalizableResource (java.base@11.0.1)
 137:           311           9952  java.util.TreeMap$EntryIterator (java.base@11.0.1)
 138:           414           9936  java.util.concurrent.CopyOnWriteArrayList$COWIterator (java.base@11.0.1)
 139:           124           9920  java.net.URI (java.base@11.0.1)
 140:           306           9792  java.nio.file.attribute.FileTime (java.base@11.0.1)
 141:           102           9792  sun.net.www.protocol.jar.URLJarFile$URLJarFileEntry (java.base@11.0.1)
 142:           394           9456  java.lang.reflect.ProxyGenerator$ConstantPool$IndirectEntry (java.base@11.0.1)
 143:           393           9432  java.util.Arrays$ArrayList (java.base@11.0.1)
 144:           389           9336  java.lang.module.ModuleDescriptor$Exports (java.base@11.0.1)
 145:           102           8976  sun.net.www.protocol.jar.JarURLConnection (java.base@11.0.1)
 146:           109           8928  [Ljava.lang.Thread; (java.base@11.0.1)
 147:           139           8896  java.util.concurrent.ConcurrentHashMap (java.base@11.0.1)
 148:           544           8704  [Lco.paralleluniverse.asm.Attribute;
 149:           360           8640  jdk.internal.loader.BuiltinClassLoader$2 (java.base@11.0.1)
 150:           348           8480  [Ljavax.management.Descriptor; (java.management@11.0.1)
 151:           131           8384  java.util.zip.Inflater (java.base@11.0.1)
 152:           341           8184  java.util.Arrays$ArrayItr (java.base@11.0.1)
 153:           341           8184  java.util.Collections$SetFromMap (java.base@11.0.1)
 154:           255           8160  java.lang.invoke.BoundMethodHandle$Species_L (java.base@11.0.1)
 155:           203           8120  java.lang.invoke.BoundMethodHandle$Species_LL (java.base@11.0.1)
 156:           164           7992  [Ljava.lang.invoke.MethodHandle; (java.base@11.0.1)
 157:           139           7784  javax.management.timer.TimerAlarmClock (java.management@11.0.1)
 158:           160           7680  co.paralleluniverse.fibers.instrument.CheckInstrumentationVisitor
 159:           137           7672  javax.management.timer.TimerNotification (java.management@11.0.1)
 160:           319           7656  java.util.zip.ZipFile$InflaterCleanupAction (java.base@11.0.1)
 161:           236           7552  java.lang.invoke.DirectMethodHandle (java.base@11.0.1)
 162:           470           7520  java.util.TreeMap$KeySet (java.base@11.0.1)
 163:           313           7512  java.io.ByteArrayOutputStream (java.base@11.0.1)
 164:           467           7472  java.util.TreeMap$Values (java.base@11.0.1)
 165:           450           7200  java.util.HashSet (java.base@11.0.1)
 166:           219           7008  co.paralleluniverse.asm.Handle
 167:           124           6944  co.paralleluniverse.fibers.instrument.InstrumentClass
 168:           173           6920  java.util.HashMap$EntryIterator (java.base@11.0.1)
 169:           107           6848  java.util.stream.ReferencePipeline$3 (java.base@11.0.1)
 170:           106           6784  jdk.internal.org.objectweb.asm.FieldWriter (java.base@11.0.1)
 171:           211           6752  jdk.internal.loader.URLClassPath$JarLoader$2 (java.base@11.0.1)
 172:           203           6496  co.paralleluniverse.asm.tree.AnnotationNode
 173:           135           6480  javax.management.timer.TimerAlarmClockNotification (java.management@11.0.1)
 174:           395           6320  java.lang.ref.ReferenceQueue$Lock (java.base@11.0.1)
 175:           255           6120  java.util.ImmutableCollections$Set12 (java.base@11.0.1)
 176:           189           6048  com.sun.jmx.mbeanserver.ConvertingMethod (java.management@11.0.1)
 177:           185           5920  java.lang.module.ModuleDescriptor$Requires (java.base@11.0.1)
 178:           249           5888  [Ljavax.management.MBeanParameterInfo; (java.management@11.0.1)
 179:           143           5720  java.util.HashMap$ValueIterator (java.base@11.0.1)
 180:           178           5696  java.io.ByteArrayInputStream (java.base@11.0.1)
 181:           237           5688  java.lang.invoke.InvokerBytecodeGenerator$CpPatch (java.base@11.0.1)
 182:            85           5592  [S (java.base@11.0.1)
 183:           139           5560  java.security.CodeSource (java.base@11.0.1)
 184:           114           5472  java.nio.HeapByteBuffer (java.base@11.0.1)
 185:           333           5328  java.util.WeakHashMap$KeySet (java.base@11.0.1)
 186:           110           5280  java.nio.HeapCharBuffer (java.base@11.0.1)
 187:            94           5264  java.util.LinkedHashMap (java.base@11.0.1)
 188:           212           5088  java.util.stream.ReferencePipeline$2$1 (java.base@11.0.1)
 189:           317           5072  java.lang.Byte (java.base@11.0.1)
 190:           311           4976  java.util.TreeMap$EntrySet (java.base@11.0.1)
 191:           124           4960  co.paralleluniverse.fibers.instrument.OffsetClassReader
 192:           140           4856  [Ljavax.management.ObjectName$Property; (java.management@11.0.1)
 193:           102           4840  [Ljavax.management.MBeanAttributeInfo; (java.management@11.0.1)
 194:           118           4720  java.util.Collections$SingletonMap (java.base@11.0.1)
 195:           141           4512  sun.nio.fs.UnixPath (java.base@11.0.1)
 196:            70           4480  java.lang.module.ModuleDescriptor (java.base@11.0.1)
 197:           111           4440  java.util.HashMap$KeyIterator (java.base@11.0.1)
 198:           105           4200  java.util.HashMap$ValueSpliterator (java.base@11.0.1)
 199:           174           4176  sun.net.www.MessageHeader (java.base@11.0.1)
 200:           102           4080  java.math.BigInteger (java.base@11.0.1)
 201:           170           4080  java.util.Date (java.base@11.0.1)
 202:           202           3992  [Lcom.sun.jmx.mbeanserver.MXBeanMapping; (java.management@11.0.1)
 203:           166           3984  java.util.ImmutableCollections$SetN (java.base@11.0.1)
 204:           124           3968  co.paralleluniverse.fibers.instrument.LabelSuspendableCallSitesClassVisitor
 205:           124           3968  co.paralleluniverse.fibers.instrument.SuspOffsetsAfterInstrClassVisitor
 206:            70           3920  jdk.internal.module.ModuleReferenceImpl (java.base@11.0.1)
 207:           162           3888  jdk.internal.module.ServicesCatalog$ServiceProvider (java.base@11.0.1)
 208:            54           3888  sun.net.www.protocol.jrt.JavaRuntimeURLConnection (java.base@11.0.1)
 209:            67           3752  java.lang.Module (java.base@11.0.1)
 210:             5           3704  [Lco.paralleluniverse.asm.tree.AbstractInsnNode;
 211:             5           3704  [Lco.paralleluniverse.asm.tree.analysis.Frame;
 212:             5           3704  [Lco.paralleluniverse.asm.tree.analysis.Subroutine;
 213:             5           3704  [Ljava.util.List; (java.base@11.0.1)
 214:           231           3696  java.util.Collections$SingletonSet (java.base@11.0.1)
 215:            76           3648  java.lang.invoke.BoundMethodHandle$Species_LLLL (java.base@11.0.1)
 216:           224           3584  co.paralleluniverse.asm.tree.analysis.BasicValue
 217:            88           3520  javax.management.MBeanOperationInfo (java.management@11.0.1)
 218:           110           3520  sun.nio.fs.UnixFileKey (java.base@11.0.1)
 219:           105           3360  java.util.stream.Collectors$CollectorImpl (java.base@11.0.1)
 220:           105           3360  java.util.stream.ReduceOps$3 (java.base@11.0.1)
 221:           105           3360  java.util.stream.ReduceOps$3ReducingSink (java.base@11.0.1)
 222:            52           3328  javax.management.openmbean.OpenMBeanAttributeInfoSupport (java.management@11.0.1)
 223:           207           3312  jdk.internal.reflect.ConstantPool (java.base@11.0.1)
 224:           135           3240  java.lang.invoke.MethodHandles$Lookup (java.base@11.0.1)
 225:           135           3240  javax.management.NotificationBroadcasterSupport$SendNotifJob (java.management@11.0.1)
 226:            80           3200  com.sun.management.internal.DiagnosticCommandArgumentInfo (jdk.management@11.0.1)
 227:            57           3192  java.io.FileCleanable (java.base@11.0.1)
 228:           131           3144  java.lang.invoke.StringConcatFactory$RecipeElement (java.base@11.0.1)
 229:           131           3144  java.util.zip.Inflater$InflaterZStreamRef (java.base@11.0.1)
 230:           128           3072  com.sun.jmx.mbeanserver.MBeanAnalyzer$AttrMethods (java.management@11.0.1)
 231:           126           3024  java.security.SecureClassLoader$1 (java.base@11.0.1)
 232:           126           3024  java.util.ArrayDeque (java.base@11.0.1)
 233:            62           2976  javax.management.MBeanInfo (java.management@11.0.1)
 234:            53           2968  java.lang.invoke.BoundMethodHandle$Species_LLLLLL (java.base@11.0.1)
 235:           123           2952  java.lang.invoke.MethodHandleNatives$CallSiteContext (java.base@11.0.1)
 236:           121           2904  java.util.zip.ZipFile$Source$Key (java.base@11.0.1)
 237:           181           2896  java.util.HashMap$EntrySet (java.base@11.0.1)
 238:            60           2880  java.lang.invoke.BoundMethodHandle$Species_LLLLL (java.base@11.0.1)
 239:           115           2760  java.util.ImmutableCollections$List12 (java.base@11.0.1)
 240:            43           2752  java.lang.invoke.BoundMethodHandle$Species_LLLLLLIIL (java.base@11.0.1)
 241:           114           2736  java.util.Collections$2 (java.base@11.0.1)
 242:            26           2704  java.lang.invoke.InnerClassLambdaMetafactory (java.base@11.0.1)
 243:           169           2704  java.util.Optional (java.base@11.0.1)
 244:            67           2680  java.io.ObjectStreamField (java.base@11.0.1)
 245:            83           2656  javax.management.MBeanAttributeInfo (java.management@11.0.1)
 246:           116           2616  [Ljava.lang.reflect.Constructor; (java.base@11.0.1)
 247:           108           2592  jdk.internal.jimage.ImageLocation (java.base@11.0.1)
 248:           107           2568  java.util.stream.ReferencePipeline$3$1 (java.base@11.0.1)
 249:            64           2560  java.lang.invoke.BoundMethodHandle$Species_LLL (java.base@11.0.1)
 250:            80           2560  java.util.LinkedHashMap$LinkedEntryIterator (java.base@11.0.1)
 251:            79           2528  com.sun.jmx.mbeanserver.WeakIdentityHashMap$IdentityWeakReference (java.management@11.0.1)
 252:            63           2520  java.io.FileDescriptor (java.base@11.0.1)
 253:           157           2512  java.util.ImmutableCollections$ListN (java.base@11.0.1)
 254:           104           2496  java.util.stream.ReduceOps$2 (java.base@11.0.1)
 255:           104           2496  java.util.stream.ReduceOps$2ReducingSink (java.base@11.0.1)
 256:           102           2448  sun.net.www.protocol.jar.JarURLConnection$JarURLInputStream (java.base@11.0.1)
 257:           102           2448  sun.nio.fs.UnixFileAttributeViews$Basic (java.base@11.0.1)
 258:            76           2368  [Ljavax.management.MBeanOperationInfo; (java.management@11.0.1)
 259:            49           2352  java.lang.invoke.BoundMethodHandle$SpeciesData (java.base@11.0.1)
 260:           146           2336  java.util.Collections$UnmodifiableSet (java.base@11.0.1)
 261:            41           2296  java.security.Provider$Service (java.base@11.0.1)
 262:            92           2208  java.security.Provider$ServiceKey (java.base@11.0.1)
 263:           138           2208  java.util.HashMap$KeySet (java.base@11.0.1)
 264:             7           2184  java.util.concurrent.ForkJoinPool$WorkQueue (java.base@11.0.1)
 265:           135           2160  java.security.SecureClassLoader$CodeSourceKey (java.base@11.0.1)
 266:            90           2160  java.util.concurrent.CopyOnWriteArrayList (java.base@11.0.1)
 267:            66           2112  java.lang.invoke.LambdaForm$Kind (java.base@11.0.1)
 268:            88           2112  java.util.Collections$UnmodifiableRandomAccessList (java.base@11.0.1)
 269:            65           2080  io.hbt.bubblegum.core.kademlia.router.RouterBucket
 270:           128           2048  java.lang.Character (java.base@11.0.1)
 271:            88           1984  [Ljava.lang.reflect.Type; (java.base@11.0.1)
 272:            41           1968  com.sun.management.internal.DiagnosticCommandInfo (jdk.management@11.0.1)
 273:            49           1960  [Ljava.lang.invoke.BoundMethodHandle$SpeciesData; (java.base@11.0.1)
 274:            81           1944  java.util.Collections$UnmodifiableCollection$1 (java.base@11.0.1)
 275:           121           1936  sun.nio.fs.UnixFileAttributes$UnixAsBasicFileAttributes (java.base@11.0.1)
 276:            80           1920  javax.management.ObjectName$Property (java.management@11.0.1)
 277:            60           1920  jdk.internal.jimage.ImageBufferCache$BufferReference (java.base@11.0.1)
 278:            34           1904  co.paralleluniverse.asm.tree.InvokeDynamicInsnNode
 279:            84           1864  [Lsun.reflect.generics.tree.FieldTypeSignature; (java.base@11.0.1)
 280:            66           1800  [Ljavax.management.openmbean.OpenType; (java.management@11.0.1)
 281:            32           1792  java.lang.invoke.BoundMethodHandle$Species_LLLLLLL (java.base@11.0.1)
 282:           112           1792  java.lang.reflect.ProxyGenerator$ConstantPool$ValueEntry (java.base@11.0.1)
 283:            54           1728  java.net.URI$Parser (java.base@11.0.1)
 284:            36           1728  java.util.logging.LogManager$LoggerWeakRef (java.logging@11.0.1)
 285:            54           1728  sun.net.www.protocol.jrt.JavaRuntimeURLConnection$1 (java.base@11.0.1)
 286:            70           1680  jdk.internal.module.SystemModuleFinders$2 (java.base@11.0.1)
 287:            70           1680  jdk.internal.reflect.NativeConstructorAccessorImpl (java.base@11.0.1)
 288:           104           1664  java.lang.management.ManagementFactory$PlatformMBeanFinder$$Lambda$57/0x0000000800168440 (java.management@11.0.1)
 289:           104           1664  java.lang.management.ManagementFactory$PlatformMBeanFinder$$Lambda$58/0x0000000800168840 (java.management@11.0.1)
 290:            52           1664  java.util.ImmutableCollections$ListItr (java.base@11.0.1)
 291:            52           1664  javax.management.MBeanParameterInfo (java.management@11.0.1)
 292:           104           1664  sun.management.spi.PlatformMBeanProvider$PlatformComponent$$Lambda$59/0x0000000800168c40 (java.management@11.0.1)
 293:           104           1664  sun.management.spi.PlatformMBeanProvider$PlatformComponent$$Lambda$60/0x0000000800169040 (java.management@11.0.1)
 294:           102           1632  [Ljava.nio.file.LinkOption; (java.base@11.0.1)
 295:            92           1632  [Lsun.reflect.generics.tree.TypeArgument; (java.base@11.0.1)
 296:            25           1600  java.lang.invoke.BoundMethodHandle$Species_LLLLLLLL (java.base@11.0.1)
 297:            66           1584  java.lang.invoke.ConstantCallSite (java.base@11.0.1)
 298:            66           1584  java.lang.module.ModuleDescriptor$Provides (java.base@11.0.1)
 299:             1           1568  [[B (java.base@11.0.1)
 300:            28           1568  javax.management.MBeanServerNotification (java.management@11.0.1)
 301:            38           1520  java.io.FileInputStream (java.base@11.0.1)
 302:            47           1504  javax.management.ObjectName (java.management@11.0.1)
 303:            46           1472  java.util.LinkedHashMap$LinkedValueIterator (java.base@11.0.1)
 304:            61           1464  sun.reflect.generics.tree.SimpleClassTypeSignature (java.base@11.0.1)
 305:            60           1440  java.lang.module.ResolvedModule (java.base@11.0.1)
 306:            60           1440  jdk.internal.module.SystemModuleFinders$SystemModuleReader (java.base@11.0.1)
 307:            59           1416  jdk.internal.loader.BuiltinClassLoader$LoadedModule (java.base@11.0.1)
 308:            22           1408  java.lang.invoke.BoundMethodHandle$Species_LLLLLLII (java.base@11.0.1)
 309:            35           1400  java.lang.invoke.MethodHandleImpl$AsVarargsCollector (java.base@11.0.1)
 310:             1           1376  [Ljdk.internal.math.FDBigInteger; (java.base@11.0.1)
 311:            24           1344  co.paralleluniverse.asm.tree.TableSwitchInsnNode
 312:            42           1344  java.lang.Package (java.base@11.0.1)
 313:            15           1320  java.util.regex.Pattern (java.base@11.0.1)
 314:            22           1312  [Ljava.lang.reflect.Field; (java.base@11.0.1)
 315:            41           1312  com.sun.management.internal.DiagnosticCommandImpl$Wrapper (jdk.management@11.0.1)
 316:            54           1296  java.util.jar.Attributes$Name (java.base@11.0.1)
 317:            55           1232  [[Ljava.lang.annotation.Annotation; (java.base@11.0.1)
 318:            17           1224  java.lang.invoke.BoundMethodHandle$Species_LLLLLLLIIL (java.base@11.0.1)
 319:            19           1216  java.lang.invoke.BoundMethodHandle$Species_LLLLLLLLL (java.base@11.0.1)
 320:            19           1216  java.util.jar.JarFile (java.base@11.0.1)
 321:            19           1216  java.util.zip.ZipFile$Source (java.base@11.0.1)
 322:            50           1200  com.sun.jmx.mbeanserver.PerInterface$MethodAndSig (java.management@11.0.1)
 323:            38           1184  [Ljava.math.BigInteger; (java.base@11.0.1)
 324:            37           1184  org.sqlite.SQLiteConfig$Pragma
 325:             3           1176  co.paralleluniverse.fibers.FiberForkJoinScheduler$FiberWorkerThread
 326:            21           1176  java.lang.invoke.BoundMethodHandle$Species_LLLLLLI (java.base@11.0.1)
 327:            36           1152  java.lang.ThreadLocal$ThreadLocalMap$Entry (java.base@11.0.1)
 328:            20           1120  javax.management.openmbean.ArrayType (java.management@11.0.1)
 329:            70           1120  jdk.internal.reflect.DelegatingConstructorAccessorImpl (java.base@11.0.1)
 330:            46           1104  java.lang.PublicMethods (java.base@11.0.1)
 331:            68           1088  [Ljava.lang.annotation.Annotation; (java.base@11.0.1)
 332:            34           1088  jdk.internal.loader.URLClassPath$FileLoader$1 (java.base@11.0.1)
 333:            15           1080  java.lang.invoke.BoundMethodHandle$Species_LLLLLLLLLL (java.base@11.0.1)
 334:            27           1080  java.security.AccessControlContext (java.base@11.0.1)
 335:            33           1056  java.lang.invoke.VarHandle$AccessDescriptor (java.base@11.0.1)
 336:             1           1040  [Ljava.lang.Byte; (java.base@11.0.1)
 337:             1           1040  [Ljava.lang.Integer; (java.base@11.0.1)
 338:             1           1040  [Ljava.lang.Long; (java.base@11.0.1)
 339:            26           1040  com.sun.jmx.mbeanserver.MXBeanSupport (java.management@11.0.1)
 340:            65           1040  jdk.internal.module.SystemModuleFinders$3 (java.base@11.0.1)
 341:            41           1024  [Lcom.sun.management.internal.DiagnosticCommandArgumentInfo; (jdk.management@11.0.1)
 342:             7           1008  [Ljava.lang.invoke.MemberName; (java.base@11.0.1)
 343:            42           1008  java.util.Collections$SingletonList (java.base@11.0.1)
 344:            31            992  java.lang.invoke.VarHandle$AccessMode (java.base@11.0.1)
 345:            61            976  sun.reflect.generics.tree.ClassTypeSignature (java.base@11.0.1)
 346:            30            960  java.security.Provider$EngineDescription (java.base@11.0.1)
 347:            29            928  java.util.logging.LogManager$LogNode (java.logging@11.0.1)
 348:            26            912  [Lco.paralleluniverse.asm.tree.LabelNode;
 349:            19            912  jdk.internal.loader.URLClassPath$JarLoader (java.base@11.0.1)
 350:            37            888  java.lang.reflect.ProxyGenerator$ExceptionTableEntry (java.base@11.0.1)
 351:            11            880  java.lang.invoke.BoundMethodHandle$Species_LLLLLLLLLLLL (java.base@11.0.1)
 352:            22            880  java.lang.invoke.DirectMethodHandle$Special (java.base@11.0.1)
 353:             7            840  co.paralleluniverse.fibers.Fiber
 354:            35            840  java.lang.ProcessEnvironment$Value (java.base@11.0.1)
 355:            35            840  java.lang.ProcessEnvironment$Variable (java.base@11.0.1)
 356:            35            840  java.lang.management.ManagementPermission (java.management@11.0.1)
 357:            15            840  javax.management.openmbean.CompositeType (java.management@11.0.1)
 358:            35            840  sun.reflect.generics.visitor.Reifier (java.base@11.0.1)
 359:            34            816  java.io.ExpiringCache$Entry (java.base@11.0.1)
 360:            34            816  java.util.LinkedList$Node (java.base@11.0.1)
 361:            20            800  java.lang.NoSuchMethodError (java.base@11.0.1)
 362:            10            800  java.lang.invoke.BoundMethodHandle$Species_LLLLLLLLLIILL (java.base@11.0.1)
 363:            20            800  java.lang.invoke.VarHandleObjects$FieldInstanceReadWrite (java.base@11.0.1)
 364:            28            792  [Ljava.security.ProtectionDomain; (java.base@11.0.1)
 365:            14            784  javax.management.openmbean.OpenMBeanParameterInfoSupport (java.management@11.0.1)
 366:            14            784  sun.util.calendar.ZoneInfo (java.base@11.0.1)
 367:            35            776  [Ljavax.management.MBeanNotificationInfo; (java.management@11.0.1)
 368:            32            768  com.sun.jmx.mbeanserver.DefaultMXBeanMappingFactory$IdentityMapping (java.management@11.0.1)
 369:            32            768  java.security.Provider$UString (java.base@11.0.1)
 370:            24            768  java.util.logging.LogManager$LoggerContext$1 (java.logging@11.0.1)
 371:            17            760  [Ljava.lang.invoke.LambdaForm$NamedFunction; (java.base@11.0.1)
 372:            19            760  java.io.BufferedInputStream (java.base@11.0.1)
 373:            19            760  java.io.DataOutputStream (java.base@11.0.1)
 374:            19            760  sun.reflect.generics.repository.MethodRepository (java.base@11.0.1)
 375:            47            752  java.util.LinkedHashMap$LinkedValues (java.base@11.0.1)
 376:             6            744  [Ljava.lang.ClassValue$Entry; (java.base@11.0.1)
 377:            31            744  java.lang.invoke.Invokers (java.base@11.0.1)
 378:            13            728  java.util.Properties (java.base@11.0.1)
 379:             5            720  [Lco.paralleluniverse.fibers.instrument.InstrumentMethod$FrameInfo;
 380:             9            720  [Ljava.lang.ThreadLocal$ThreadLocalMap$Entry; (java.base@11.0.1)
 381:            15            720  java.lang.reflect.ProxyGenerator$MethodInfo (java.base@11.0.1)
 382:             8            696  [D (java.base@11.0.1)
 383:            29            696  java.lang.RuntimePermission (java.base@11.0.1)
 384:            17            680  co.paralleluniverse.fibers.instrument.InstrumentMethod$FrameInfo
 385:            17            680  java.security.ProtectionDomain (java.base@11.0.1)
 386:            28            672  com.sun.jmx.mbeanserver.NamedObject (java.management@11.0.1)
 387:            12            672  java.util.logging.Logger (java.logging@11.0.1)
 388:            28            672  javax.management.ObjectInstance (java.management@11.0.1)
 389:            12            672  org.sqlite.jdbc4.JDBC4ResultSet
 390:            21            648  [Ljava.io.ObjectStreamField; (java.base@11.0.1)
 391:             9            648  java.lang.invoke.BoundMethodHandle$Species_LLLLLLLLLLL (java.base@11.0.1)
 392:            27            648  java.util.regex.Pattern$BmpCharPropertyGreedy (java.base@11.0.1)
 393:            27            648  sun.reflect.generics.parser.SignatureParser (java.base@11.0.1)
 394:            16            640  com.sun.jmx.mbeanserver.PerInterface (java.management@11.0.1)
 395:            16            640  java.lang.Package$VersionInfo (java.base@11.0.1)
 396:            40            640  java.lang.invoke.StringConcatFactory$Recipe (java.base@11.0.1)
 397:             3            624  [Ljava.lang.invoke.LambdaForm; (java.base@11.0.1)
 398:            13            624  com.sun.jmx.mbeanserver.DefaultMXBeanMappingFactory$CompositeMapping (java.management@11.0.1)
 399:            26            624  java.lang.invoke.InfoFromMemberName (java.base@11.0.1)
 400:            26            624  java.lang.invoke.InnerClassLambdaMetafactory$ForwardingMethodGenerator (java.base@11.0.1)
 401:            26            624  sun.reflect.generics.factory.CoreReflectionFactory (java.base@11.0.1)
 402:            10            608  [Ljava.util.Hashtable$Entry; (java.base@11.0.1)
 403:            19            608  java.io.RandomAccessFile (java.base@11.0.1)
 404:            19            608  java.util.Hashtable$Entry (java.base@11.0.1)
 405:            19            608  java.util.zip.ZipFile$CleanableResource (java.base@11.0.1)
 406:            19            608  sun.reflect.generics.tree.MethodTypeSignature (java.base@11.0.1)
 407:             9            576  io.hbt.bubblegum.core.kademlia.protobuf.BgKademliaMessage$KademliaMessage
 408:            24            576  java.lang.management.ManagementFactory$$Lambda$77/0x0000000800195040 (java.management@11.0.1)
 409:            18            576  java.util.LinkedList (java.base@11.0.1)
 410:            24            576  java.util.regex.Pattern$BmpCharProperty (java.base@11.0.1)
 411:            35            560  java.io.FileInputStream$1 (java.base@11.0.1)
 412:             7            560  java.lang.invoke.BoundMethodHandle$Species_LLLLLLLLLLLLL (java.base@11.0.1)
 413:            14            560  java.util.StringJoiner (java.base@11.0.1)
 414:             7            560  java.util.concurrent.TimeUnit (java.base@11.0.1)
 415:            35            560  java.util.regex.Pattern$$Lambda$25/0x00000008000ed840 (java.base@11.0.1)
 416:            14            560  javax.management.openmbean.SimpleType (java.management@11.0.1)
 417:            23            552  com.google.protobuf.ByteString$LiteralByteString
 418:            23            552  java.lang.Class$AnnotationData (java.base@11.0.1)
 419:             2            544  [Lio.hbt.bubblegum.core.kademlia.router.RouterBucket;
 420:            27            544  [Ljavax.management.MBeanConstructorInfo; (java.management@11.0.1)
 421:            34            544  java.util.LinkedHashMap$LinkedEntrySet (java.base@11.0.1)
 422:             1            528  [Ljava.lang.Character; (java.base@11.0.1)
 423:             1            528  [Ljava.util.TimerTask; (java.base@11.0.1)
 424:            13            520  java.lang.NoSuchMethodException (java.base@11.0.1)
 425:            13            520  java.util.logging.Logger$ConfigurationData (java.logging@11.0.1)
 426:            16            512  java.net.InetAddress$InetAddressHolder (java.base@11.0.1)
 427:            16            512  java.time.temporal.ChronoUnit (java.base@11.0.1)
 428:            21            504  [Ljava.lang.reflect.TypeVariable; (java.base@11.0.1)
 429:             3            504  [Lorg.sqlite.SQLiteConfig$Pragma;
 430:            21            504  java.util.regex.Pattern$GroupHead (java.base@11.0.1)
 431:            21            504  java.util.regex.Pattern$GroupTail (java.base@11.0.1)
 432:             7            496  [Lsun.invoke.util.Wrapper; (java.base@11.0.1)
 433:             5            480  co.paralleluniverse.fibers.instrument.InstrumentMethod
 434:            20            480  co.paralleluniverse.fibers.instrument.NewValue
 435:            20            480  com.esotericsoftware.yamlbeans.tokenizer.TokenType
 436:             6            480  java.lang.invoke.BoundMethodHandle$Species_LLLLLLLLLIIL (java.base@11.0.1)
 437:            15            480  java.util.concurrent.locks.ReentrantLock$NonfairSync (java.base@11.0.1)
 438:            15            480  java.util.regex.Pattern$Curly (java.base@11.0.1)
 439:            10            480  org.sqlite.jdbc4.JDBC4Statement
 440:            10            480  sun.invoke.util.Wrapper (java.base@11.0.1)
 441:            29            464  jdk.internal.logger.DefaultLoggerFinder$1 (java.base@11.0.1)
 442:            19            456  java.util.regex.Pattern$CharProperty (java.base@11.0.1)
 443:            19            456  sun.reflect.generics.reflectiveObjects.ParameterizedTypeImpl (java.base@11.0.1)
 444:            19            456  sun.reflect.generics.scope.MethodScope (java.base@11.0.1)
 445:            14            448  [Ljava.lang.invoke.LambdaFormEditor$Transform; (java.base@11.0.1)
 446:             7            448  java.nio.DirectByteBuffer (java.base@11.0.1)
 447:            28            448  java.util.concurrent.atomic.AtomicInteger (java.base@11.0.1)
 448:             8            448  sun.management.MemoryPoolImpl (java.management@11.0.1)
 449:            12            440  [Ljava.lang.invoke.MethodType; (java.base@11.0.1)
 450:            11            440  java.lang.invoke.MethodHandleImpl$IntrinsicMethodHandle (java.base@11.0.1)
 451:            11            440  java.lang.reflect.ProxyGenerator$ProxyMethod (java.base@11.0.1)
 452:            11            440  java.util.IdentityHashMap (java.base@11.0.1)
 453:             6            432  java.lang.invoke.BoundMethodHandle$Species_LLLLLLLLLI (java.base@11.0.1)
 454:             6            432  java.lang.invoke.BoundMethodHandle$Species_LLLLLLLLLII (java.base@11.0.1)
 455:            18            432  java.text.DateFormat$Field (java.base@11.0.1)
 456:             9            432  java.util.Hashtable (java.base@11.0.1)
 457:            18            432  java.util.regex.Pattern$BitClass (java.base@11.0.1)
 458:            18            432  org.sqlite.SQLiteOpenMode
 459:             9            432  sun.util.locale.provider.LocaleResources$ResourceReference (java.base@11.0.1)
 460:             4            416  io.hbt.bubblegum.core.kademlia.protobuf.BgKademliaMessage$KademliaMessage$Builder
 461:            13            416  java.lang.invoke.SimpleMethodHandle (java.base@11.0.1)
 462:            13            416  java.util.concurrent.ConcurrentHashMap$ReservationNode (java.base@11.0.1)
 463:            13            416  java.util.logging.LogManager$4 (java.logging@11.0.1)
 464:            13            416  sun.security.jca.ProviderConfig (java.base@11.0.1)
 465:            17            408  java.time.Duration (java.base@11.0.1)
 466:            17            408  javax.management.StandardMBean (java.management@11.0.1)
 467:            10            400  java.lang.OutOfMemoryError (java.base@11.0.1)
 468:             5            400  java.lang.invoke.BoundMethodHandle$Species_LLLLLLLLLLIIL (java.base@11.0.1)
 469:            10            400  java.net.DatagramPacket (java.base@11.0.1)
 470:            25            400  java.util.concurrent.atomic.AtomicBoolean (java.base@11.0.1)
 471:            10            400  jdk.internal.reflect.UnsafeQualifiedStaticObjectFieldAccessorImpl (java.base@11.0.1)
 472:            10            400  org.sqlite.SQLiteConnectionConfig
 473:             7            392  co.paralleluniverse.fibers.FiberForkJoinScheduler$FiberForkJoinTask
 474:             1            384  com.intellij.rt.execution.application.AppMainV2$1
 475:            16            384  com.sun.jmx.mbeanserver.MBeanAnalyzer (java.management@11.0.1)
 476:            16            384  com.sun.jmx.mbeanserver.MBeanIntrospector$MBeanInfoMaker (java.management@11.0.1)
 477:             1            384  java.lang.ref.Finalizer$FinalizerThread (java.base@11.0.1)
 478:            12            384  java.security.Permissions (java.base@11.0.1)
 479:            16            384  java.util.Collections$1 (java.base@11.0.1)
 480:             1            384  java.util.TimerThread (java.base@11.0.1)
 481:             1            384  java.util.logging.LogManager$Cleaner (java.logging@11.0.1)
 482:             1            384  jdk.internal.misc.InnocuousThread (java.base@11.0.1)
 483:             8            384  sun.util.resources.Bundles$BundleReference (java.base@11.0.1)
 484:             1            376  java.lang.ref.Reference$ReferenceHandler (java.base@11.0.1)
 485:            22            368  [Lsun.reflect.generics.tree.FormalTypeParameter; (java.base@11.0.1)
 486:             9            360  java.io.FilePermission (java.base@11.0.1)
 487:             9            360  java.lang.ClassLoader$NativeLibrary (java.base@11.0.1)
 488:            11            352  co.paralleluniverse.fibers.instrument.SuspOffsetsAfterInstrClassVisitor$1$1$1
 489:            11            352  java.lang.invoke.VarHandleInts$FieldInstanceReadWrite (java.base@11.0.1)
 490:            11            352  java.lang.reflect.ProxyGenerator$FieldInfo (java.base@11.0.1)
 491:            11            352  java.security.BasicPermissionCollection (java.base@11.0.1)
 492:            11            352  javax.management.MBeanNotificationInfo (java.management@11.0.1)
 493:            19            344  [Lsun.reflect.generics.tree.TypeSignature; (java.base@11.0.1)
 494:             9            336  [Ljava.util.regex.Pattern$Node; (java.base@11.0.1)
 495:             1            336  co.paralleluniverse.concurrent.forkjoin.MonitoredForkJoinPool
 496:             6            336  java.nio.DirectLongBufferU (java.base@11.0.1)
 497:             7            336  sun.nio.cs.UTF_8$Encoder (java.base@11.0.1)
 498:             1            328  java.util.concurrent.ForkJoinPool (java.base@11.0.1)
 499:             5            320  com.google.protobuf.CodedInputStream$ArrayDecoder
 500:             5            320  java.lang.ClassValue$ClassValueMap (java.base@11.0.1)
 501:             5            320  java.lang.invoke.BoundMethodHandle$Species_LLLLLLLI (java.base@11.0.1)
 502:             5            320  java.lang.invoke.BoundMethodHandle$Species_LLLLLLLII (java.base@11.0.1)
 503:             4            320  java.lang.invoke.BoundMethodHandle$Species_LLLLLLLLIILL (java.base@11.0.1)
 504:             5            320  org.sqlite.core.NativeDB
 505:             8            320  sun.management.MemoryPoolImpl$CollectionSensor (java.management@11.0.1)
 506:             8            320  sun.management.MemoryPoolImpl$PoolSensor (java.management@11.0.1)
 507:            13            312  co.paralleluniverse.fibers.instrument.MethodDatabase$ExtractSuperClass
 508:            13            312  java.util.concurrent.atomic.AtomicLong (java.base@11.0.1)
 509:             2            288  [Ljava.lang.invoke.VarHandle$AccessMode; (java.base@11.0.1)
 510:            18            288  java.lang.Float (java.base@11.0.1)
 511:            12            288  java.net.StandardSocketOptions$StdSocketOption (java.base@11.0.1)
 512:            12            288  java.util.AbstractMap$SimpleImmutableEntry (java.base@11.0.1)
 513:             9            288  java.util.logging.Level (java.logging@11.0.1)
 514:             9            288  java.util.logging.Level$KnownLevel (java.logging@11.0.1)
 515:            18            288  java.util.regex.Pattern$$Lambda$27/0x00000008000ed040 (java.base@11.0.1)
 516:            12            288  java.util.regex.Pattern$$Lambda$28/0x00000008000ed440 (java.base@11.0.1)
 517:            18            288  java.util.regex.Pattern$BitClass$$Lambda$26/0x00000008000edc40 (java.base@11.0.1)
 518:             9            288  java.util.regex.Pattern$Branch (java.base@11.0.1)
 519:             9            288  jdk.internal.loader.BuiltinClassLoader$1 (java.base@11.0.1)
 520:             9            288  sun.util.resources.Bundles$CacheKey (java.base@11.0.1)
 521:             1            280  [Ljava.lang.invoke.LambdaForm$Kind; (java.base@11.0.1)
 522:             5            280  java.util.ServiceLoader (java.base@11.0.1)
 523:            17            272  [Ljava.security.Principal; (java.base@11.0.1)
 524:            17            272  java.security.ProtectionDomain$Key (java.base@11.0.1)
 525:            17            272  sun.invoke.util.ValueConversions$WrapperCache (java.base@11.0.1)
 526:            11            264  co.paralleluniverse.fibers.instrument.SuspOffsetsAfterInstrClassVisitor$1$1
 527:            11            264  java.lang.invoke.MethodHandleImpl$Intrinsic (java.base@11.0.1)
 528:            11            264  java.net.Inet4Address (java.base@11.0.1)
 529:            11            264  java.util.regex.Pattern$BmpCharPredicate$$Lambda$29/0x00000008000ec840 (java.base@11.0.1)
 530:             8            256  com.google.protobuf.CodedOutputStream$ArrayEncoder
 531:            16            256  com.sun.jmx.mbeanserver.PerInterface$InitMaps (java.management@11.0.1)
 532:             8            256  java.lang.ClassValue$Entry (java.base@11.0.1)
 533:             8            256  java.lang.reflect.ProxyGenerator$PrimitiveTypeInfo (java.base@11.0.1)
 534:             8            256  java.util.concurrent.ConcurrentHashMap$ForwardingNode (java.base@11.0.1)
 535:             8            256  java.util.concurrent.atomic.LongAdder (java.base@11.0.1)
 536:             4            256  java.util.stream.ReferencePipeline$7 (java.base@11.0.1)
 537:             5            240  co.paralleluniverse.fibers.instrument.TypeAnalyzer
 538:            10            240  com.esotericsoftware.yamlbeans.parser.EventType
 539:            15            240  com.esotericsoftware.yamlbeans.tokenizer.Token
 540:             3            240  java.lang.invoke.BoundMethodHandle$Species_LLLLLLLLLLII (java.base@11.0.1)
 541:            10            240  java.lang.invoke.InnerClassLambdaMetafactory$1 (java.base@11.0.1)
 542:            10            240  java.nio.charset.CoderResult (java.base@11.0.1)
 543:            10            240  java.nio.file.StandardOpenOption (java.base@11.0.1)
 544:             6            240  java.util.EnumMap (java.base@11.0.1)
 545:            10            240  java.util.concurrent.ConcurrentHashMap$KeySetView (java.base@11.0.1)
 546:            10            240  java.util.concurrent.ConcurrentHashMap$MapEntry (java.base@11.0.1)
 547:             6            240  java.util.concurrent.ConcurrentSkipListMap$KeySpliterator (java.base@11.0.1)
 548:            10            240  java.util.concurrent.ConcurrentSkipListMap$Node (java.base@11.0.1)
 549:            10            240  java.util.regex.Pattern$Start (java.base@11.0.1)
 550:            10            240  jdk.internal.reflect.NativeMethodAccessorImpl (java.base@11.0.1)
 551:             7            224  co.paralleluniverse.fibers.Stack
 552:             7            224  co.paralleluniverse.strands.dataflow.Val
 553:             4            224  java.util.concurrent.ConcurrentHashMap$KeyIterator (java.base@11.0.1)
 554:             7            224  java.util.concurrent.ConcurrentLinkedQueue$Itr (java.base@11.0.1)
 555:             7            224  java.util.concurrent.ConcurrentSkipListMap$KeyIterator (java.base@11.0.1)
 556:             9            216  com.google.protobuf.UnknownFieldSet$Builder
 557:             9            216  java.lang.ThreadLocal$ThreadLocalMap (java.base@11.0.1)
 558:             3            216  java.lang.invoke.BoundMethodHandle$Species_LLLLLLIILLL (java.base@11.0.1)
 559:             3            216  java.lang.invoke.BoundMethodHandle$Species_LLLLLLLLLLI (java.base@11.0.1)
 560:             3            216  java.text.DecimalFormatSymbols (java.base@11.0.1)
 561:             9            216  org.sqlite.date.FormatCache$MultipartKey
 562:             3            216  sun.security.provider.NativePRNG$RandomIO (java.base@11.0.1)
 563:             2            200  [Ljava.text.DateFormat$Field; (java.base@11.0.1)
 564:             5            200  java.util.ServiceLoader$LazyClassPathLookupIterator (java.base@11.0.1)
 565:             5            200  java.util.stream.StreamOpFlag (java.base@11.0.1)
 566:             4            192  com.google.common.collect.MapMakerInternalMap$StrongKeyWeakValueSegment
 567:             4            192  com.google.common.collect.MapMakerInternalMap$WeakKeyStrongValueSegment
 568:             6            192  com.sun.jmx.mbeanserver.DefaultMXBeanMappingFactory$CollectionMapping (java.management@11.0.1)
 569:             8            192  java.io.FilePermissionCollection (java.base@11.0.1)
 570:             8            192  java.lang.StringCoding$Result (java.base@11.0.1)
 571:             6            192  java.lang.invoke.LambdaForm$BasicType (java.base@11.0.1)
 572:             8            192  java.math.RoundingMode (java.base@11.0.1)
 573:             4            192  java.net.SocketCleanable (java.base@11.0.1)
 574:             6            192  java.util.Collections$UnmodifiableMap (java.base@11.0.1)
 575:             8            192  java.util.regex.Pattern$Slice (java.base@11.0.1)
 576:             8            192  org.sqlite.SQLiteConfig$Encoding
 577:             1            184  [Lcom.sun.management.internal.DiagnosticCommandInfo; (jdk.management@11.0.1)
 578:            11            176  org.sqlite.date.FastDateParser$NumberStrategy
 579:             1            168  [[Ljava.math.BigInteger; (java.base@11.0.1)
 580:             7            168  co.paralleluniverse.strands.SimpleConditionSynchronizer
 581:             7            168  java.lang.System$Logger$Level (java.base@11.0.1)
 582:             3            168  java.lang.invoke.BoundMethodHandle$Species_LLIILL (java.base@11.0.1)
 583:             7            168  java.lang.invoke.VarForm (java.base@11.0.1)
 584:             7            168  java.net.NetPermission (java.base@11.0.1)
 585:             3            168  java.util.concurrent.ConcurrentHashMap$EntryIterator (java.base@11.0.1)
 586:             7            168  java.util.concurrent.ConcurrentLinkedQueue (java.base@11.0.1)
 587:             7            168  java.util.concurrent.ConcurrentLinkedQueue$Node (java.base@11.0.1)
 588:             7            168  java.util.jar.Manifest (java.base@11.0.1)
 589:             3            168  javax.management.openmbean.OpenMBeanOperationInfoSupport (java.management@11.0.1)
 590:             7            168  sun.reflect.generics.scope.ClassScope (java.base@11.0.1)
 591:             2            160  [Ljava.time.temporal.ChronoUnit; (java.base@11.0.1)
 592:             2            160  [Ljava.util.concurrent.ForkJoinPool$WorkQueue; (java.base@11.0.1)
 593:             3            160  [Ljava.util.logging.Level; (java.logging@11.0.1)
 594:             5            160  [Lsun.nio.fs.NativeBuffer; (java.base@11.0.1)
 595:             2            160  [[Ljava.lang.String; (java.base@11.0.1)
 596:             5            160  com.sun.jmx.mbeanserver.DefaultMXBeanMappingFactory$ArrayMapping (java.management@11.0.1)
 597:             5            160  com.sun.jmx.mbeanserver.DefaultMXBeanMappingFactory$EnumMapping (java.management@11.0.1)
 598:            10            160  io.hbt.bubblegum.core.kademlia.NodeID
 599:             4            160  io.hbt.bubblegum.core.kademlia.protobuf.BgKademliaFindRequest$KademliaFindRequest
 600:             5            160  io.hbt.bubblegum.core.kademlia.protobuf.BgKademliaPing$KademliaPing
 601:            10            160  java.lang.ThreadLocal (java.base@11.0.1)
 602:             2            160  java.lang.invoke.BoundMethodHandle$Species_LLLLLLIILLLL (java.base@11.0.1)
 603:             2            160  java.lang.invoke.BoundMethodHandle$Species_LLLLLLLLLLLII (java.base@11.0.1)
 604:             4            160  java.lang.invoke.DirectMethodHandle$Constructor (java.base@11.0.1)
 605:             4            160  java.lang.invoke.DirectMethodHandle$Interface (java.base@11.0.1)
 606:             5            160  java.lang.invoke.VarHandle$AccessType (java.base@11.0.1)
 607:             5            160  java.net.Inet6Address (java.base@11.0.1)
 608:             5            160  java.net.Inet6Address$Inet6AddressHolder (java.base@11.0.1)
 609:             5            160  java.util.ArrayList$ArrayListSpliterator (java.base@11.0.1)
 610:            10            160  java.util.Formatter$Flags (java.base@11.0.1)
 611:             4            160  java.util.HashMap$EntrySpliterator (java.base@11.0.1)
 612:             5            160  java.util.RegularEnumSet (java.base@11.0.1)
 613:             5            160  java.util.ServiceLoader$ModuleServicesLookupIterator (java.base@11.0.1)
 614:             5            160  javax.management.MBeanConstructorInfo (java.management@11.0.1)
 615:             4            160  javax.management.NotCompliantMBeanException (java.management@11.0.1)
 616:             5            160  javax.management.StandardEmitterMBean (java.management@11.0.1)
 617:            10            160  jdk.internal.reflect.DelegatingMethodAccessorImpl (java.base@11.0.1)
 618:             5            160  org.sqlite.SQLiteConfig
 619:             5            160  org.sqlite.jdbc4.JDBC4Connection
 620:             5            160  sun.nio.fs.NativeBuffer (java.base@11.0.1)
 621:             5            160  sun.util.locale.provider.LocaleProviderAdapter$Type (java.base@11.0.1)
 622:             6            144  [Ljava.util.Enumeration; (java.base@11.0.1)
 623:             1            144  [Ljava.util.concurrent.ForkJoinTask$ExceptionNode; (java.base@11.0.1)
 624:             6            144  co.paralleluniverse.strands.Strand$State
 625:             2            144  io.hbt.bubblegum.core.kademlia.activities.FindActivity
 626:             6            144  java.lang.CompoundEnumeration (java.base@11.0.1)
 627:             3            144  java.lang.ThreadGroup (java.base@11.0.1)
 628:             2            144  java.lang.invoke.BoundMethodHandle$Species_LLLLLLIILL (java.base@11.0.1)
 629:             6            144  java.lang.invoke.StringConcatFactory$Strategy (java.base@11.0.1)
 630:             3            144  java.net.DatagramSocket (java.base@11.0.1)
 631:             6            144  java.net.InterfaceAddress (java.base@11.0.1)
 632:             3            144  java.net.PlainDatagramSocketImpl (java.base@11.0.1)
 633:             1            144  java.text.DecimalFormat (java.base@11.0.1)
 634:             3            144  java.util.concurrent.ConcurrentSkipListMap (java.base@11.0.1)
 635:             6            144  java.util.concurrent.ConcurrentSkipListMap$Index (java.base@11.0.1)
 636:             2            144  java.util.regex.Matcher (java.base@11.0.1)
 637:             9            144  java.util.regex.Pattern$BranchConn (java.base@11.0.1)
 638:             9            144  java.util.regex.Pattern$CharPredicate$$Lambda$30/0x00000008000ec040 (java.base@11.0.1)
 639:             6            144  jdk.internal.perf.PerfCounter (java.base@11.0.1)
 640:             1            144  jdk.internal.reflect.MethodAccessorGenerator (java.base@11.0.1)
 641:             6            144  org.sqlite.SQLiteConfig$JournalMode
 642:             9            144  sun.util.logging.internal.LoggingProviderImpl$JULWrapper (java.logging@11.0.1)
 643:             4            136  [Lsun.invoke.util.ValueConversions$WrapperCache; (java.base@11.0.1)
 644:             2            128  io.hbt.bubblegum.core.BubblegumCellServer
 645:             2            128  java.io.ExpiringCache$1 (java.base@11.0.1)
 646:             4            128  java.util.Vector (java.base@11.0.1)
 647:             8            128  java.util.concurrent.atomic.AtomicReferenceArray (java.base@11.0.1)
 648:             4            128  jdk.internal.reflect.ClassFileAssembler (java.base@11.0.1)
 649:             2            128  org.sqlite.jdbc4.JDBC4PreparedStatement
 650:             4            128  sun.util.locale.provider.LocaleResources (java.base@11.0.1)
 651:             3            120  [Ljava.lang.invoke.LambdaForm$BasicType; (java.base@11.0.1)
 652:             5            120  [Ljava.security.Permission; (java.base@11.0.1)
 653:             5            120  co.paralleluniverse.asm.TypePath
 654:             5            120  co.paralleluniverse.fibers.instrument.TypeInterpreter
 655:             3            120  io.hbt.bubblegum.core.kademlia.protobuf.BgKademliaFindNodeResponse$KademliaFindNodeResponse
 656:             3            120  io.hbt.bubblegum.core.kademlia.router.RouterNode
 657:             5            120  java.util.Collections$SynchronizedSet (java.base@11.0.1)
 658:             5            120  java.util.ServiceLoader$2 (java.base@11.0.1)
 659:             5            120  java.util.stream.FindOps$FindSink$OfRef (java.base@11.0.1)
 660:             5            120  java.util.stream.StreamOpFlag$Type (java.base@11.0.1)
 661:             1            120  jdk.internal.loader.ClassLoaders$AppClassLoader (java.base@11.0.1)
 662:             3            120  jdk.internal.math.FloatingDecimal$BinaryToASCIIBuffer (java.base@11.0.1)
 663:             5            120  jdk.internal.math.FloatingDecimal$PreparedASCIIToBinaryBuffer (java.base@11.0.1)
 664:             5            120  jdk.net.ExtendedSocketOptions$ExtSocketOption (jdk.net@11.0.1)
 665:             5            120  sun.nio.fs.NativeBuffer$Deallocator (java.base@11.0.1)
 666:             4            112  [F (java.base@11.0.1)
 667:             4            112  [Ljava.net.InetAddress; (java.base@11.0.1)
 668:             3            112  [[Lco.paralleluniverse.asm.Label;
 669:             7            112  co.paralleluniverse.concurrent.forkjoin.ParkableForkJoinTask$DummyRunnable
 670:             7            112  co.paralleluniverse.fibers.Fiber$DummyRunnable
 671:             7            112  co.paralleluniverse.strands.SuspendableUtils$VoidSuspendableCallable
 672:             2            112  com.google.common.collect.MapMakerInternalMap
 673:             2            112  io.hbt.bubblegum.core.kademlia.activities.PingActivity
 674:             2            112  java.lang.invoke.BoundMethodHandle$Species_LLIILLL (java.base@11.0.1)
 675:             2            112  java.lang.invoke.BoundMethodHandle$Species_LLLIILL (java.base@11.0.1)
 676:             2            112  java.nio.DirectIntBufferRU (java.base@11.0.1)
 677:             7            112  java.util.TreeSet (java.base@11.0.1)
 678:             7            112  java.util.concurrent.locks.ReentrantLock (java.base@11.0.1)
 679:             7            112  java.util.jar.Attributes (java.base@11.0.1)
 680:             7            112  java.util.regex.CharPredicates$$Lambda$37/0x000000080012fc40 (java.base@11.0.1)
 681:             1            112  jdk.internal.loader.ClassLoaders$BootClassLoader (java.base@11.0.1)
 682:             1            112  jdk.internal.loader.ClassLoaders$PlatformClassLoader (java.base@11.0.1)
 683:             1            104  co.paralleluniverse.fibers.JMXFibersMonitor
 684:             1            104  sun.security.jca.ProviderList$1 (java.base@11.0.1)
 685:             1            104  sun.security.provider.Sun (java.base@11.0.1)
 686:             3             96  [Lco.paralleluniverse.common.monitoring.MonitorType;
 687:             1             96  [Lcom.esotericsoftware.yamlbeans.tokenizer.TokenType;
 688:             2             96  [Ljava.util.concurrent.TimeUnit; (java.base@11.0.1)
 689:             3             96  [Ljdk.internal.jimage.ImageBufferCache$BufferReference; (java.base@11.0.1)
 690:             2             96  co.paralleluniverse.asm.tree.LookupSwitchInsnNode
 691:             2             96  co.paralleluniverse.fibers.instrument.InstrumentMethod$BlockLabelNode
 692:             3             96  com.google.common.collect.MapMakerInternalMap$StrongKeyWeakValueEntry
 693:             3             96  com.google.common.collect.MapMakerInternalMap$WeakValueReferenceImpl
 694:             2             96  com.sun.management.internal.GarbageCollectorExtImpl (jdk.management@11.0.1)
 695:             4             96  io.hbt.bubblegum.core.BubblegumCellServer$$Lambda$71/0x0000000800197440
 696:             2             96  io.hbt.bubblegum.core.kademlia.BubblegumNode
 697:             6             96  io.hbt.bubblegum.core.kademlia.NodeID$$Lambda$88/0x00000008001eec40
 698:             6             96  io.hbt.bubblegum.core.kademlia.activities.ActivityExecutionContext$$Lambda$72/0x0000000800196840
 699:             4             96  java.lang.NamedPackage (java.base@11.0.1)
 700:             3             96  java.lang.Runtime$Version (java.base@11.0.1)
 701:             4             96  java.lang.WeakPairMap$Pair$Lookup (java.base@11.0.1)
 702:             2             96  java.lang.invoke.BoundMethodHandle$Species_LLII (java.base@11.0.1)
 703:             2             96  java.lang.invoke.BoundMethodHandle$Species_LLIIL (java.base@11.0.1)
 704:             4             96  java.lang.module.ModuleDescriptor$Modifier (java.base@11.0.1)
 705:             4             96  java.lang.module.ModuleDescriptor$Opens (java.base@11.0.1)
 706:             4             96  java.lang.module.ModuleDescriptor$Requires$Modifier (java.base@11.0.1)
 707:             2             96  java.lang.reflect.ProxyGenerator (java.base@11.0.1)
 708:             1             96  java.net.SocksSocketImpl (java.base@11.0.1)
 709:             4             96  java.security.Permissions$1 (java.base@11.0.1)
 710:             6             96  java.util.HashMap$Values (java.base@11.0.1)
 711:             3             96  java.util.ImmutableCollections$MapN (java.base@11.0.1)
 712:             3             96  java.util.UUID (java.base@11.0.1)
 713:             4             96  java.util.concurrent.locks.AbstractQueuedSynchronizer$ConditionObject (java.base@11.0.1)
 714:             4             96  java.util.regex.Pattern$Qtype (java.base@11.0.1)
 715:             4             96  java.util.stream.MatchOps$$Lambda$87/0x0000000800192040 (java.base@11.0.1)
 716:             4             96  java.util.stream.MatchOps$1MatchSink (java.base@11.0.1)
 717:             4             96  java.util.stream.MatchOps$MatchOp (java.base@11.0.1)
 718:             4             96  java.util.stream.ReferencePipeline$7$1 (java.base@11.0.1)
 719:             4             96  java.util.stream.StreamShape (java.base@11.0.1)
 720:             2             96  javax.management.openmbean.TabularType (java.management@11.0.1)
 721:             1             96  jdk.internal.jimage.ImageReader$SharedImageReader (java.base@11.0.1)
 722:             4             96  jdk.internal.loader.AbstractClassLoaderValue$Sub (java.base@11.0.1)
 723:             6             96  jdk.internal.loader.ClassLoaderValue (java.base@11.0.1)
 724:             3             96  jdk.internal.loader.URLClassPath$1 (java.base@11.0.1)
 725:             4             96  jdk.internal.logger.BootstrapLogger$LoggingBackend (java.base@11.0.1)
 726:             4             96  jdk.internal.reflect.ByteVectorImpl (java.base@11.0.1)
 727:             6             96  org.sqlite.date.FastDatePrinter$CharacterLiteral
 728:             3             96  sun.net.spi.DefaultProxySelector$NonProxyInfo (java.base@11.0.1)
 729:             2             96  sun.nio.cs.StreamEncoder (java.base@11.0.1)
 730:             3             96  sun.reflect.generics.reflectiveObjects.TypeVariableImpl (java.base@11.0.1)
 731:             3             96  sun.reflect.generics.repository.ClassRepository (java.base@11.0.1)
 732:             1             88  [Ljava.util.concurrent.ConcurrentMap; (java.base@11.0.1)
 733:             1             88  [Lorg.sqlite.SQLiteOpenMode;
 734:             2             88  [Lsun.security.jca.ProviderConfig; (java.base@11.0.1)
 735:             1             88  java.lang.invoke.BoundMethodHandle$Species_LLLLLLLLLLLLII (java.base@11.0.1)
 736:             1             88  jdk.internal.reflect.DelegatingClassLoader (java.base@11.0.1)
 737:             2             80  [Ljava.lang.invoke.VarHandle$AccessType; (java.base@11.0.1)
 738:             1             80  [Ljava.util.concurrent.RunnableScheduledFuture; (java.base@11.0.1)
 739:             2             80  [Ljava.util.stream.StreamOpFlag$Type; (java.base@11.0.1)
 740:             5             80  co.paralleluniverse.common.monitoring.Counter
 741:             2             80  co.paralleluniverse.fibers.SuspendExecution
 742:             2             80  com.google.common.collect.MapMaker
 743:             2             80  com.sun.jmx.mbeanserver.DefaultMXBeanMappingFactory$TabularMapping (java.management@11.0.1)
 744:             5             80  com.sun.jmx.mbeanserver.GetPropertyAction (java.management@11.0.1)
 745:             2             80  java.io.BufferedWriter (java.base@11.0.1)
 746:             2             80  java.io.ExpiringCache (java.base@11.0.1)
 747:             2             80  java.io.FileOutputStream (java.base@11.0.1)
 748:             2             80  java.io.PrintStream (java.base@11.0.1)
 749:             2             80  java.lang.ClassNotFoundException (java.base@11.0.1)
 750:             2             80  java.lang.ModuleLayer (java.base@11.0.1)
 751:             2             80  java.lang.VirtualMachineError (java.base@11.0.1)
 752:             2             80  java.lang.invoke.BoundMethodHandle$Species_LLI (java.base@11.0.1)
 753:             1             80  java.lang.invoke.BoundMethodHandle$Species_LLLLLLLIILLL (java.base@11.0.1)
 754:             1             80  java.lang.invoke.BoundMethodHandle$Species_LLLLLLLLLLLI (java.base@11.0.1)
 755:             2             80  java.lang.invoke.VarHandleObjects$Array (java.base@11.0.1)
 756:             2             80  java.lang.module.Configuration (java.base@11.0.1)
 757:             5             80  java.util.IdentityHashMap$KeySet (java.base@11.0.1)
 758:             2             80  java.util.Locale$Category (java.base@11.0.1)
 759:             5             80  java.util.concurrent.ConcurrentHashMap$EntrySetView (java.base@11.0.1)
 760:             5             80  java.util.concurrent.ConcurrentHashMap$ValuesView (java.base@11.0.1)
 761:             1             80  java.util.concurrent.ScheduledThreadPoolExecutor (java.base@11.0.1)
 762:             2             80  jdk.internal.loader.AbstractClassLoaderValue$Memoizer (java.base@11.0.1)
 763:             2             80  sun.management.MemoryManagerImpl (java.management@11.0.1)
 764:             1             80  sun.util.cldr.CLDRLocaleProviderAdapter (java.base@11.0.1)
 765:             1             80  sun.util.locale.provider.JRELocaleProviderAdapter (java.base@11.0.1)
 766:             1             80  sun.util.locale.provider.LocaleProviderAdapter$NonExistentAdapter (java.base@11.0.1)
 767:             2             72  [Ljava.lang.Runnable; (java.base@11.0.1)
 768:             3             72  [Ljavax.management.openmbean.OpenMBeanParameterInfo; (java.management@11.0.1)
 769:             1             72  [Ljavax.management.openmbean.SimpleType; (java.management@11.0.1)
 770:             1             72  [Lorg.sqlite.date.FastDatePrinter$Rule;
 771:             3             72  co.paralleluniverse.common.monitoring.MonitorType
 772:             3             72  co.paralleluniverse.fibers.instrument.Classes$BlockingMethod
 773:             3             72  co.paralleluniverse.fibers.instrument.LogLevel
 774:             3             72  co.paralleluniverse.fibers.instrument.MethodDatabase$SuspendableType
 775:             3             72  java.lang.WeakPairMap (java.base@11.0.1)
 776:             3             72  java.lang.annotation.RetentionPolicy (java.base@11.0.1)
 777:             1             72  java.lang.invoke.BoundMethodHandle$Species_LLLLLLLLII (java.base@11.0.1)
 778:             1             72  java.lang.invoke.BoundMethodHandle$Species_LLLLLLLLIIL (java.base@11.0.1)
 779:             3             72  java.lang.invoke.StringConcatFactory$Mode (java.base@11.0.1)
 780:             3             72  java.lang.invoke.TypeConvertingMethodAdapter (java.base@11.0.1)
 781:             3             72  java.net.Proxy$Type (java.base@11.0.1)
 782:             1             72  java.security.SecureRandom (java.base@11.0.1)
 783:             3             72  java.security.SecurityPermission (java.base@11.0.1)
 784:             3             72  java.util.regex.Pattern$Dollar (java.base@11.0.1)
 785:             3             72  java.util.stream.Collector$Characteristics (java.base@11.0.1)
 786:             3             72  java.util.stream.MatchOps$MatchKind (java.base@11.0.1)
 787:             3             72  java.util.stream.Streams$StreamBuilderImpl (java.base@11.0.1)
 788:             3             72  javax.management.NotificationBroadcasterSupport (java.management@11.0.1)
 789:             3             72  jdk.internal.math.FloatingDecimal$ExceptionalBinaryToASCIIBuffer (java.base@11.0.1)
 790:             3             72  jdk.internal.misc.Signal (java.base@11.0.1)
 791:             3             72  jdk.internal.module.IllegalAccessLogger$Mode (java.base@11.0.1)
 792:             3             72  org.sqlite.SQLiteConfig$DateClass
 793:             3             72  org.sqlite.SQLiteConfig$HexKeyMode
 794:             3             72  org.sqlite.SQLiteConfig$SynchronousMode
 795:             3             72  org.sqlite.SQLiteConfig$TempStore
 796:             3             72  org.sqlite.SQLiteConfig$TransactionMode
 797:             3             72  sun.instrument.TransformerManager (java.instrument@11.0.1)
 798:             3             72  sun.reflect.generics.tree.ClassSignature (java.base@11.0.1)
 799:             3             72  sun.reflect.generics.tree.FormalTypeParameter (java.base@11.0.1)
 800:             3             72  sun.security.provider.NativePRNG$Variant (java.base@11.0.1)
 801:             2             64  [Lcom.google.common.collect.MapMakerInternalMap$Segment;
 802:             3             64  [Lcom.sun.jmx.mbeanserver.ClassLoaderRepositorySupport$LoaderEntry; (java.management@11.0.1)
 803:             2             64  [Ljava.lang.annotation.RetentionPolicy; (java.base@11.0.1)
 804:             1             64  [Ljava.lang.invoke.MethodHandleImpl$Intrinsic; (java.base@11.0.1)
 805:             2             64  [Ljava.nio.charset.CoderResult; (java.base@11.0.1)
 806:             2             64  [Ljava.util.stream.Collector$Characteristics; (java.base@11.0.1)
 807:             2             64  [Lorg.sqlite.SQLiteConfig$DateClass;
 808:             2             64  [Lorg.sqlite.SQLiteConfig$TransactionMode;
 809:             4             64  com.esotericsoftware.yamlbeans.parser.Event
 810:             2             64  io.hbt.bubblegum.core.kademlia.protobuf.BgKademliaPing$KademliaPing$Builder
 811:             4             64  io.hbt.bubblegum.core.kademlia.router.RouterBucket$$Lambda$86/0x0000000800192c40
 812:             2             64  java.io.BufferedOutputStream (java.base@11.0.1)
 813:             1             64  java.lang.invoke.BoundMethodHandle$Species_LLLLLLLLI (java.base@11.0.1)
 814:             2             64  java.lang.invoke.VarHandleLongs$FieldInstanceReadWrite (java.base@11.0.1)
 815:             2             64  java.lang.ref.ReferenceQueue$Null (java.base@11.0.1)
 816:             1             64  java.text.DateFormatSymbols (java.base@11.0.1)
 817:             2             64  java.util.Formatter (java.base@11.0.1)
 818:             2             64  java.util.Formatter$FixedString (java.base@11.0.1)
 819:             2             64  java.util.PropertyPermission (java.base@11.0.1)
 820:             2             64  java.util.ServiceLoader$ProviderImpl (java.base@11.0.1)
 821:             2             64  java.util.Spliterators$ArraySpliterator (java.base@11.0.1)
 822:             1             64  java.util.logging.LogManager$RootLogger (java.logging@11.0.1)
 823:             4             64  java.util.regex.Pattern$Begin (java.base@11.0.1)
 824:             2             64  java.util.stream.FindOps$FindOp (java.base@11.0.1)
 825:             4             64  org.sqlite.date.FastDateParser$ISO8601TimeZoneStrategy
 826:             4             64  org.sqlite.date.FastDatePrinter$TwoDigitNumberField
 827:             2             64  sun.instrument.InstrumentationImpl (java.instrument@11.0.1)
 828:             2             64  sun.nio.fs.MacOSXFileSystem (java.base@11.0.1)
 829:             2             64  sun.reflect.annotation.AnnotationType (java.base@11.0.1)
 830:             2             64  sun.security.provider.FileInputStreamPool$StreamRef (java.base@11.0.1)
 831:             2             64  sun.util.locale.UnicodeLocaleExtension (java.base@11.0.1)
 832:             1             56  [Lcom.esotericsoftware.yamlbeans.parser.EventType;
 833:             1             56  [Ljava.nio.file.StandardOpenOption; (java.base@11.0.1)
 834:             3             56  [Lsun.instrument.TransformerManager$TransformerInfo; (java.instrument@11.0.1)
 835:             3             56  [Lsun.reflect.generics.tree.ClassTypeSignature; (java.base@11.0.1)
 836:             1             56  [[I (java.base@11.0.1)
 837:             1             56  io.hbt.bubblegum.core.kademlia.activities.BootstrapActivity
 838:             1             56  java.lang.invoke.BoundMethodHandle$Specializer (java.base@11.0.1)
 839:             1             56  java.lang.invoke.BoundMethodHandle$Species_LLLIIL (java.base@11.0.1)
 840:             1             56  java.net.SocketInputStream (java.base@11.0.1)
 841:             1             56  java.net.SocketPermission (java.base@11.0.1)
 842:             1             56  java.util.logging.LogManager (java.logging@11.0.1)
 843:             1             56  jdk.internal.ref.CleanerImpl$SoftCleanableRef (java.base@11.0.1)
 844:             1             56  sun.security.provider.SHA (java.base@11.0.1)
 845:             1             48  [Ljava.lang.System$Logger$Level; (java.base@11.0.1)
 846:             1             48  [Ljava.lang.management.MemoryPoolMXBean; (java.management@11.0.1)
 847:             1             48  [Ljava.math.RoundingMode; (java.base@11.0.1)
 848:             2             48  [Lorg.sqlite.SQLiteConfig$DatePrecision;
 849:             1             48  [Lorg.sqlite.SQLiteConfig$Encoding;
 850:             1             48  [Lorg.sqlite.date.FastDateParser$Strategy;
 851:             1             48  [[Ljava.lang.Object; (java.base@11.0.1)
 852:             1             48  co.paralleluniverse.fibers.FiberTimedScheduler$ScheduledFutureTask
 853:             3             48  co.paralleluniverse.strands.Strand$ThreadStrand
 854:             2             48  com.esotericsoftware.yamlbeans.parser.DocumentEndEvent
 855:             2             48  com.sun.jmx.mbeanserver.ClassLoaderRepositorySupport$LoaderEntry (java.management@11.0.1)
 856:             1             48  com.sun.jmx.mbeanserver.DefaultMXBeanMappingFactory$Mappings (java.management@11.0.1)
 857:             1             48  com.sun.jmx.mbeanserver.MBeanIntrospector$MBeanInfoMap (java.management@11.0.1)
 858:             1             48  com.sun.jmx.mbeanserver.MBeanIntrospector$PerInterfaceMap (java.management@11.0.1)
 859:             2             48  com.sun.jmx.mbeanserver.WeakIdentityHashMap (java.management@11.0.1)
 860:             2             48  io.hbt.bubblegum.core.BubblegumCell
 861:             2             48  io.hbt.bubblegum.core.auxiliary.logging.Logger
 862:             1             48  io.hbt.bubblegum.core.kademlia.activities.LookupActivity
 863:             2             48  io.hbt.bubblegum.core.kademlia.activities.LookupActivity$FindStatus
 864:             1             48  io.hbt.bubblegum.core.kademlia.protobuf.BgKademliaFindNodeResponse$KademliaFindNodeResponse$Builder
 865:             2             48  io.hbt.bubblegum.core.kademlia.router.RoutingTable
 866:             1             48  java.io.BufferedReader (java.base@11.0.1)
 867:             2             48  java.io.File$PathStatus (java.base@11.0.1)
 868:             2             48  java.io.OutputStreamWriter (java.base@11.0.1)
 869:             2             48  java.lang.Class$1 (java.base@11.0.1)
 870:             2             48  java.lang.ClassValue$Version (java.base@11.0.1)
 871:             2             48  java.lang.Double (java.base@11.0.1)
 872:             1             48  java.lang.invoke.BoundMethodHandle$Specializer$Factory (java.base@11.0.1)
 873:             1             48  java.lang.invoke.BoundMethodHandle$Species_LLLI (java.base@11.0.1)
 874:             1             48  java.lang.invoke.BoundMethodHandle$Species_LLLII (java.base@11.0.1)
 875:             2             48  java.lang.reflect.Proxy$ProxyBuilder (java.base@11.0.1)
 876:             2             48  java.lang.reflect.Proxy$ProxyBuilder$1 (java.base@11.0.1)
 877:             2             48  java.lang.reflect.ProxyGenerator$ConstantPool (java.base@11.0.1)
 878:             2             48  java.lang.reflect.ReflectPermission (java.base@11.0.1)
 879:             1             48  java.net.NetworkInterface (java.base@11.0.1)
 880:             3             48  java.nio.charset.CodingErrorAction (java.base@11.0.1)
 881:             2             48  java.sql.SQLPermission (java.sql@11.0.1)
 882:             3             48  java.text.AttributedCharacterIterator$Attribute (java.base@11.0.1)
 883:             2             48  java.util.Collections$3 (java.base@11.0.1)
 884:             1             48  java.util.Hashtable$Enumerator (java.base@11.0.1)
 885:             3             48  java.util.Properties$EntrySet (java.base@11.0.1)
 886:             1             48  java.util.Properties$LineReader (java.base@11.0.1)
 887:             3             48  java.util.ResourceBundle$NoFallbackControl (java.base@11.0.1)
 888:             2             48  java.util.ServiceLoader$1 (java.base@11.0.1)
 889:             2             48  java.util.Spliterators$1Adapter (java.base@11.0.1)
 890:             1             48  java.util.TimSort (java.base@11.0.1)
 891:             3             48  java.util.concurrent.ConcurrentSkipListMap$KeySet (java.base@11.0.1)
 892:             3             48  java.util.concurrent.ConcurrentSkipListSet (java.base@11.0.1)
 893:             2             48  java.util.concurrent.Executors$DefaultThreadFactory (java.base@11.0.1)
 894:             1             48  java.util.concurrent.locks.ReentrantReadWriteLock$FairSync (java.base@11.0.1)
 895:             2             48  java.util.logging.Logger$LoggerBundle (java.logging@11.0.1)
 896:             2             48  java.util.logging.LoggingPermission (java.logging@11.0.1)
 897:             2             48  javax.management.NotificationBroadcasterSupport$ListenerInfo (java.management@11.0.1)
 898:             1             48  javax.management.timer.Timer (java.management@11.0.1)
 899:             1             48  jdk.internal.jimage.ImageHeader (java.base@11.0.1)
 900:             2             48  jdk.internal.misc.Signal$NativeHandler (java.base@11.0.1)
 901:             3             48  jdk.internal.module.ServicesCatalog (java.base@11.0.1)
 902:             1             48  jdk.internal.ref.CleanerImpl$WeakCleanableRef (java.base@11.0.1)
 903:             1             48  jdk.management.jfr.FlightRecorderMXBeanImpl (jdk.management.jfr@11.0.1)
 904:             2             48  org.sqlite.SQLiteConfig$DatePrecision
 905:             2             48  org.sqlite.SQLiteConfig$LockingMode
 906:             1             48  org.sqlite.date.FastDateParser
 907:             2             48  org.sqlite.date.FastDatePrinter$PaddedNumberField
 908:             2             48  sun.management.ManagementFactoryHelper$1 (java.management@11.0.1)
 909:             1             48  sun.nio.cs.StreamDecoder (java.base@11.0.1)
 910:             2             48  sun.reflect.annotation.AnnotationInvocationHandler (java.base@11.0.1)
 911:             2             48  sun.reflect.annotation.AnnotationParser$1 (java.base@11.0.1)
 912:             2             48  sun.reflect.annotation.AnnotationType$1 (java.base@11.0.1)
 913:             2             48  sun.security.jca.ProviderList (java.base@11.0.1)
 914:             2             48  sun.security.jca.ProviderList$3 (java.base@11.0.1)
 915:             2             48  sun.util.locale.LocaleExtensions (java.base@11.0.1)
 916:             2             48  sun.util.locale.provider.LocaleServiceProviderPool (java.base@11.0.1)
 917:             1             48  sun.util.resources.cldr.TimeZoneNames (java.base@11.0.1)
 918:             1             48  sun.util.resources.cldr.TimeZoneNames_en (java.base@11.0.1)
 919:             1             40  [Lco.paralleluniverse.strands.Strand$State;
 920:             1             40  [Ljava.lang.invoke.StringConcatFactory$Strategy; (java.base@11.0.1)
 921:             1             40  [Ljava.net.InterfaceAddress; (java.base@11.0.1)
 922:             1             40  [Ljava.util.stream.StreamOpFlag; (java.base@11.0.1)
 923:             1             40  [Lorg.sqlite.SQLiteConfig$JournalMode;
 924:             1             40  [Lsun.util.locale.provider.LocaleProviderAdapter$Type; (java.base@11.0.1)
 925:             1             40  [[Ljava.lang.invoke.LambdaForm$Name; (java.base@11.0.1)
 926:             1             40  co.paralleluniverse.common.monitoring.MonitoringServices
 927:             1             40  co.paralleluniverse.concurrent.forkjoin.ParkableForkJoinTask$Park
 928:             1             40  co.paralleluniverse.fibers.FiberForkJoinScheduler
 929:             1             40  co.paralleluniverse.fibers.FiberTimedScheduler
 930:             1             40  co.paralleluniverse.fibers.instrument.QuasarInstrumentor
 931:             1             40  com.google.common.util.concurrent.ThreadFactoryBuilder$1
 932:             1             40  com.sun.jmx.interceptor.DefaultMBeanServerInterceptor (java.management@11.0.1)
 933:             1             40  com.sun.jmx.mbeanserver.JmxMBeanServer (java.management@11.0.1)
 934:             1             40  com.sun.jmx.mbeanserver.MBeanServerDelegateImpl (java.management@11.0.1)
 935:             1             40  com.sun.management.internal.DiagnosticCommandImpl (jdk.management@11.0.1)
 936:             1             40  io.hbt.bubblegum.core.kademlia.protobuf.BgKademliaFindRequest$KademliaFindRequest$Builder
 937:             1             40  java.lang.ArithmeticException (java.base@11.0.1)
 938:             1             40  java.lang.IncompatibleClassChangeError (java.base@11.0.1)
 939:             1             40  java.lang.NoSuchFieldException (java.base@11.0.1)
 940:             1             40  java.lang.NullPointerException (java.base@11.0.1)
 941:             1             40  java.net.InetAddress$CachedAddresses (java.base@11.0.1)
 942:             1             40  java.text.DigitList (java.base@11.0.1)
 943:             1             40  java.util.IdentityHashMap$KeyIterator (java.base@11.0.1)
 944:             1             40  java.util.ResourceBundle$2 (java.base@11.0.1)
 945:             1             40  jdk.internal.loader.URLClassPath (java.base@11.0.1)
 946:             1             40  jdk.internal.ref.CleanerImpl$CleanerCleanable (java.base@11.0.1)
 947:             1             40  sun.nio.cs.StandardCharsets$Aliases (java.base@11.0.1)
 948:             1             40  sun.nio.cs.StandardCharsets$Cache (java.base@11.0.1)
 949:             1             40  sun.nio.cs.US_ASCII$Decoder (java.base@11.0.1)
 950:             1             40  sun.nio.cs.UTF_8$Decoder (java.base@11.0.1)
 951:             1             40  sun.text.resources.cldr.FormatData (java.base@11.0.1)
 952:             1             40  sun.text.resources.cldr.FormatData_en (java.base@11.0.1)
 953:             1             40  sun.text.resources.cldr.ext.FormatData_en_001 (jdk.localedata@11.0.1)
 954:             1             40  sun.text.resources.cldr.ext.FormatData_en_GB (jdk.localedata@11.0.1)
 955:             1             40  sun.util.resources.Bundles$1 (java.base@11.0.1)
 956:             1             40  sun.util.resources.cldr.CalendarData (java.base@11.0.1)
 957:             1             32  [Lco.paralleluniverse.fibers.instrument.Classes$BlockingMethod;
 958:             1             32  [Lco.paralleluniverse.fibers.instrument.LogLevel;
 959:             1             32  [Lco.paralleluniverse.fibers.instrument.MethodDatabase$SuspendableType;
 960:             1             32  [Ljava.lang.OutOfMemoryError; (java.base@11.0.1)
 961:             2             32  [Ljava.lang.StackTraceElement; (java.base@11.0.1)
 962:             1             32  [Ljava.lang.ThreadGroup; (java.base@11.0.1)
 963:             1             32  [Ljava.lang.invoke.StringConcatFactory$Mode; (java.base@11.0.1)
 964:             1             32  [Ljava.lang.management.MemoryManagerMXBean; (java.management@11.0.1)
 965:             1             32  [Ljava.lang.module.ModuleDescriptor$Modifier; (java.base@11.0.1)
 966:             1             32  [Ljava.lang.module.ModuleDescriptor$Requires$Modifier; (java.base@11.0.1)
 967:             1             32  [Ljava.net.Proxy$Type; (java.base@11.0.1)
 968:             2             32  [Ljava.util.regex.IntHashSet; (java.base@11.0.1)
 969:             1             32  [Ljava.util.regex.Pattern$Qtype; (java.base@11.0.1)
 970:             1             32  [Ljava.util.stream.MatchOps$MatchKind; (java.base@11.0.1)
 971:             1             32  [Ljava.util.stream.StreamShape; (java.base@11.0.1)
 972:             1             32  [Ljdk.internal.logger.BootstrapLogger$LoggingBackend; (java.base@11.0.1)
 973:             1             32  [Ljdk.internal.module.IllegalAccessLogger$Mode; (java.base@11.0.1)
 974:             1             32  [Lorg.sqlite.SQLiteConfig$HexKeyMode;
 975:             1             32  [Lorg.sqlite.SQLiteConfig$SynchronousMode;
 976:             1             32  [Lorg.sqlite.SQLiteConfig$TempStore;
 977:             1             32  [Lsun.security.provider.NativePRNG$Variant; (java.base@11.0.1)
 978:             1             32  co.paralleluniverse.concurrent.util.DelayQueue
 979:             2             32  co.paralleluniverse.fibers.NoopFibersMonitor
 980:             1             32  co.paralleluniverse.fibers.instrument.MethodDatabase
 981:             1             32  co.paralleluniverse.fibers.instrument.SimpleSuspendableClassifier
 982:             1             32  com.google.common.util.concurrent.ThreadFactoryBuilder
 983:             1             32  com.google.protobuf.ExtensionRegistry
 984:             1             32  com.sun.jmx.mbeanserver.Repository (java.management@11.0.1)
 985:             1             32  io.hbt.bubblegum.core.Bubblegum
 986:             2             32  io.hbt.bubblegum.core.BubblegumCellServer$$Lambda$36/0x00000008000eac40
 987:             1             32  io.hbt.bubblegum.core.databasing.MasterDatabase$1
 988:             2             32  io.hbt.bubblegum.core.kademlia.router.RouterBucket$$Lambda$91/0x00000008001f9c40
 989:             1             32  io.hbt.bubblegum.simulator.Simulator
 990:             1             32  io.hbt.bubblegum.simulator.Simulator$$Lambda$42/0x000000080015bc40
 991:             1             32  java.io.UnixFileSystem (java.base@11.0.1)
 992:             2             32  java.lang.Boolean (java.base@11.0.1)
 993:             2             32  java.lang.ClassLoader$2 (java.base@11.0.1)
 994:             2             32  java.lang.ClassValue$Identity (java.base@11.0.1)
 995:             2             32  java.lang.Shutdown$Lock (java.base@11.0.1)
 996:             1             32  java.lang.module.ModuleDescriptor$Version (java.base@11.0.1)
 997:             2             32  java.lang.reflect.AccessibleObject$$Lambda$68/0x0000000800197840 (java.base@11.0.1)
 998:             2             32  java.lang.reflect.Proxy$$Lambda$84/0x0000000800193040 (java.base@11.0.1)
 999:             1             32  java.net.InetAddress$CachedLocalHost (java.base@11.0.1)
1000:             1             32  java.net.Socket (java.base@11.0.1)
1001:             2             32  java.nio.ByteOrder (java.base@11.0.1)
1002:             2             32  java.security.AccessController$1 (java.base@11.0.1)
1003:             1             32  java.security.MessageDigest$Delegate (java.base@11.0.1)
1004:             1             32  java.util.ArrayList$SubList (java.base@11.0.1)
1005:             1             32  java.util.Collections$SynchronizedMap (java.base@11.0.1)
1006:             2             32  java.util.LinkedHashMap$LinkedKeySet (java.base@11.0.1)
1007:             2             32  java.util.LinkedHashSet (java.base@11.0.1)
1008:             1             32  java.util.PriorityQueue (java.base@11.0.1)
1009:             2             32  java.util.ResourceBundle$SingleFormatControl (java.base@11.0.1)
1010:             1             32  java.util.concurrent.ScheduledThreadPoolExecutor$DelayedWorkQueue (java.base@11.0.1)
1011:             1             32  java.util.concurrent.ThreadLocalRandom (java.base@11.0.1)
1012:             1             32  java.util.jar.Manifest$FastInputStream (java.base@11.0.1)
1013:             1             32  java.util.logging.LogManager$SystemLoggerContext (java.logging@11.0.1)
1014:             1             32  java.util.regex.Pattern$BnM (java.base@11.0.1)
1015:             2             32  javax.management.StandardMBean$MBeanInfoSafeAction (java.management@11.0.1)
1016:             1             32  jdk.internal.module.IllegalAccessLogger (java.base@11.0.1)
1017:             1             32  jdk.internal.ref.CleanerImpl (java.base@11.0.1)
1018:             1             32  jdk.internal.reflect.MethodAccessorGenerator$1 (java.base@11.0.1)
1019:             1             32  org.sqlite.date.FastDatePrinter
1020:             2             32  sun.management.VMManagementImpl$1 (java.management@11.0.1)
1021:             1             32  sun.nio.cs.StandardCharsets (java.base@11.0.1)
1022:             2             32  sun.nio.fs.MacOSXFileSystemProvider (java.base@11.0.1)
1023:             2             32  sun.security.provider.FileInputStreamPool$UnclosableInputStream (java.base@11.0.1)
1024:             1             32  sun.security.provider.SecureRandom (java.base@11.0.1)
1025:             2             32  sun.util.resources.LocaleData (java.base@11.0.1)
1026:             1             24  [Lcom.google.common.collect.MapMakerInternalMap$Strength;
1027:             1             24  [Lio.hbt.bubblegum.core.kademlia.activities.LookupActivity$FindStatus;
1028:             1             24  [Ljava.io.File$PathStatus; (java.base@11.0.1)
1029:             1             24  [Ljava.util.Locale$Category; (java.base@11.0.1)
1030:             1             24  [Lorg.sqlite.SQLiteConfig$LockingMode;
1031:             1             24  co.paralleluniverse.common.monitoring.JMXForkJoinPoolMonitor
1032:             1             24  co.paralleluniverse.fibers.FiberForkJoinScheduler$1
1033:             1             24  co.paralleluniverse.fibers.instrument.DefaultSuspendableClassifier
1034:             1             24  com.google.common.collect.MapMakerInternalMap$Strength$1
1035:             1             24  com.google.common.collect.MapMakerInternalMap$Strength$2
1036:             1             24  com.sun.jmx.mbeanserver.ClassLoaderRepositorySupport (java.management@11.0.1)
1037:             1             24  com.sun.jmx.mbeanserver.JmxMBeanServer$1 (java.management@11.0.1)
1038:             1             24  com.sun.jmx.mbeanserver.MXBeanLookup (java.management@11.0.1)
1039:             1             24  com.sun.jmx.remote.util.ClassLogger (java.management@11.0.1)
1040:             1             24  com.sun.management.internal.HotSpotThreadImpl (jdk.management@11.0.1)
1041:             1             24  com.sun.management.internal.OperatingSystemImpl (jdk.management@11.0.1)
1042:             1             24  com.sun.management.internal.PlatformMBeanProviderImpl$1 (jdk.management@11.0.1)
1043:             1             24  com.sun.management.internal.PlatformMBeanProviderImpl$2 (jdk.management@11.0.1)
1044:             1             24  com.sun.management.internal.PlatformMBeanProviderImpl$3 (jdk.management@11.0.1)
1045:             1             24  com.sun.management.internal.PlatformMBeanProviderImpl$4 (jdk.management@11.0.1)
1046:             1             24  com.sun.management.internal.PlatformMBeanProviderImpl$5 (jdk.management@11.0.1)
1047:             1             24  io.hbt.bubblegum.core.auxiliary.logging.LoggingManager
1048:             1             24  io.hbt.bubblegum.core.databasing.Database
1049:             1             24  io.hbt.bubblegum.core.kademlia.activities.ActivityExecutionContext
1050:             1             24  io.hbt.bubblegum.simulator.SimulationConfig
1051:             1             24  java.io.InputStreamReader (java.base@11.0.1)
1052:             1             24  java.lang.Class$3 (java.base@11.0.1)
1053:             1             24  java.lang.ProcessEnvironment$StringEnvironment (java.base@11.0.1)
1054:             1             24  java.lang.invoke.MethodType$ConcurrentWeakInternSet (java.base@11.0.1)
1055:             1             24  java.lang.invoke.StringConcatFactory$Stringifiers$StringifierAny (java.base@11.0.1)
1056:             1             24  java.lang.invoke.StringConcatFactory$Stringifiers$StringifierMost (java.base@11.0.1)
1057:             1             24  java.lang.management.DefaultPlatformMBeanProvider$1 (java.management@11.0.1)
1058:             1             24  java.lang.management.DefaultPlatformMBeanProvider$10 (java.management@11.0.1)
1059:             1             24  java.lang.management.DefaultPlatformMBeanProvider$11 (java.management@11.0.1)
1060:             1             24  java.lang.management.DefaultPlatformMBeanProvider$2 (java.management@11.0.1)
1061:             1             24  java.lang.management.DefaultPlatformMBeanProvider$3 (java.management@11.0.1)
1062:             1             24  java.lang.management.DefaultPlatformMBeanProvider$4 (java.management@11.0.1)
1063:             1             24  java.lang.management.DefaultPlatformMBeanProvider$5 (java.management@11.0.1)
1064:             1             24  java.lang.management.DefaultPlatformMBeanProvider$6 (java.management@11.0.1)
1065:             1             24  java.lang.management.DefaultPlatformMBeanProvider$7 (java.management@11.0.1)
1066:             1             24  java.lang.management.DefaultPlatformMBeanProvider$8 (java.management@11.0.1)
1067:             1             24  java.lang.management.DefaultPlatformMBeanProvider$9 (java.management@11.0.1)
1068:             1             24  java.net.Inet6AddressImpl (java.base@11.0.1)
1069:             1             24  java.net.Proxy (java.base@11.0.1)
1070:             1             24  java.security.AllPermissionCollection (java.base@11.0.1)
1071:             1             24  java.sql.DriverInfo (java.sql@11.0.1)
1072:             1             24  java.util.Collections$EmptyMap (java.base@11.0.1)
1073:             1             24  java.util.Collections$SynchronizedCollection (java.base@11.0.1)
1074:             1             24  java.util.Locale$Cache (java.base@11.0.1)
1075:             1             24  java.util.ResourceBundle$Control$CandidateListCache (java.base@11.0.1)
1076:             1             24  java.util.TaskQueue (java.base@11.0.1)
1077:             1             24  java.util.Timer (java.base@11.0.1)
1078:             1             24  java.util.concurrent.locks.ReentrantReadWriteLock (java.base@11.0.1)
1079:             1             24  java.util.logging.LogManager$2 (java.logging@11.0.1)
1080:             1             24  java.util.logging.LogManager$LoggerContext (java.logging@11.0.1)
1081:             1             24  java.util.regex.Pattern$CharPropertyGreedy (java.base@11.0.1)
1082:             1             24  java.util.stream.Collectors$$Lambda$81/0x0000000800194440 (java.base@11.0.1)
1083:             1             24  java.util.stream.ForEachOps$ForEachOp$OfRef (java.base@11.0.1)
1084:             1             24  java.util.zip.ZipCoder$UTF8 (java.base@11.0.1)
1085:             1             24  javax.management.MBeanInfo$ArrayGettersSafeAction (java.management@11.0.1)
1086:             1             24  jdk.internal.jimage.ImageReader (java.base@11.0.1)
1087:             1             24  jdk.internal.loader.URLClassPath$FileLoader (java.base@11.0.1)
1088:             1             24  jdk.internal.logger.BootstrapLogger$RedirectedLoggers (java.base@11.0.1)
1089:             1             24  jdk.internal.module.IllegalAccessLogger$$Lambda$69/0x0000000800197c40 (java.base@11.0.1)
1090:             1             24  jdk.internal.module.ModuleBootstrap$SafeModuleFinder (java.base@11.0.1)
1091:             1             24  jdk.internal.module.ModuleHashes (java.base@11.0.1)
1092:             1             24  jdk.internal.reflect.Label$PatchInfo (java.base@11.0.1)
1093:             1             24  jdk.internal.util.jar.JarIndex (java.base@11.0.1)
1094:             1             24  jdk.management.jfr.StreamManager (jdk.management.jfr@11.0.1)
1095:             1             24  jdk.management.jfr.internal.FlightRecorderMXBeanProvider$SingleMBeanComponent (jdk.management.jfr@11.0.1)
1096:             1             24  org.sqlite.date.FastDateFormat
1097:             1             24  sun.instrument.TransformerManager$TransformerInfo (java.instrument@11.0.1)
1098:             1             24  sun.management.CompilationImpl (java.management@11.0.1)
1099:             1             24  sun.management.ManagementFactoryHelper$LoggingMXBeanAccess (java.management@11.0.1)
1100:             1             24  sun.management.ManagementFactoryHelper$PlatformLoggingImpl (java.management@11.0.1)
1101:             1             24  sun.management.MemoryImpl (java.management@11.0.1)
1102:             1             24  sun.management.RuntimeImpl (java.management@11.0.1)
1103:             1             24  sun.management.VMManagementImpl (java.management@11.0.1)
1104:             1             24  sun.net.ProgressMonitor (java.base@11.0.1)
1105:             1             24  sun.net.sdp.SdpProvider (java.base@11.0.1)
1106:             1             24  sun.nio.cs.ISO_8859_1 (java.base@11.0.1)
1107:             1             24  sun.nio.cs.ThreadLocalCoders$1 (java.base@11.0.1)
1108:             1             24  sun.nio.cs.ThreadLocalCoders$2 (java.base@11.0.1)
1109:             1             24  sun.nio.cs.US_ASCII (java.base@11.0.1)
1110:             1             24  sun.nio.cs.UTF_16 (java.base@11.0.1)
1111:             1             24  sun.nio.cs.UTF_16BE (java.base@11.0.1)
1112:             1             24  sun.nio.cs.UTF_16LE (java.base@11.0.1)
1113:             1             24  sun.nio.cs.UTF_8 (java.base@11.0.1)
1114:             1             24  sun.util.cldr.CLDRCalendarDataProviderImpl (java.base@11.0.1)
1115:             1             24  sun.util.cldr.CLDRTimeZoneNameProviderImpl (java.base@11.0.1)
1116:             1             24  sun.util.locale.BaseLocale$Cache (java.base@11.0.1)
1117:             1             24  sun.util.locale.provider.CalendarProviderImpl (java.base@11.0.1)
1118:             1             24  sun.util.locale.provider.DateFormatProviderImpl (java.base@11.0.1)
1119:             1             24  sun.util.locale.provider.DateFormatSymbolsProviderImpl (java.base@11.0.1)
1120:             1             24  sun.util.locale.provider.DecimalFormatSymbolsProviderImpl (java.base@11.0.1)
1121:             1             24  sun.util.locale.provider.NumberFormatProviderImpl (java.base@11.0.1)
1122:             1             24  sun.util.locale.provider.TimeZoneNameProviderImpl (java.base@11.0.1)
1123:             1             24  sun.util.resources.LocaleData$1 (java.base@11.0.1)
1124:             1             16  [Ljava.lang.Throwable; (java.base@11.0.1)
1125:             1             16  [Ljava.net.NetworkInterface; (java.base@11.0.1)
1126:             1             16  [Ljava.nio.file.attribute.FileAttribute; (java.base@11.0.1)
1127:             1             16  [Ljava.security.Provider; (java.base@11.0.1)
1128:             1             16  [Ljava.security.cert.Certificate; (java.base@11.0.1)
1129:             1             16  [Ljava.text.FieldPosition; (java.base@11.0.1)
1130:             1             16  [Ljava.util.logging.Handler; (java.logging@11.0.1)
1131:             1             16  co.paralleluniverse.common.monitoring.MonitoringServices$1
1132:             1             16  co.paralleluniverse.common.monitoring.MonitoringServices$3
1133:             1             16  co.paralleluniverse.common.monitoring.MonitoringServices$4
1134:             1             16  co.paralleluniverse.common.util.Debug$3
1135:             1             16  co.paralleluniverse.fibers.Fiber$1
1136:             1             16  co.paralleluniverse.fibers.FiberTimedScheduler$1
1137:             1             16  co.paralleluniverse.fibers.instrument.JavaAgent$1
1138:             1             16  co.paralleluniverse.fibers.instrument.JavaAgent$Transformer
1139:             1             16  com.google.common.base.Equivalence$Equals
1140:             1             16  com.google.common.base.Equivalence$Identity
1141:             1             16  com.google.common.collect.MapMakerInternalMap$1
1142:             1             16  com.google.common.collect.MapMakerInternalMap$StrongKeyWeakValueEntry$Helper
1143:             1             16  com.google.common.collect.MapMakerInternalMap$WeakKeyStrongValueEntry$Helper
1144:             1             16  com.google.protobuf.ByteString$ArraysByteArrayCopier
1145:             1             16  com.google.protobuf.ExtensionRegistryLite
1146:             1             16  com.google.protobuf.UnknownFieldSet
1147:             1             16  com.google.protobuf.UnknownFieldSet$Parser
1148:             1             16  com.google.protobuf.UnsafeUtil$1
1149:             1             16  com.google.protobuf.UnsafeUtil$JvmMemoryAccessor
1150:             1             16  com.google.protobuf.Utf8$UnsafeProcessor
1151:             1             16  com.sun.jmx.interceptor.DefaultMBeanServerInterceptor$ResourceContext$1 (java.management@11.0.1)
1152:             1             16  com.sun.jmx.mbeanserver.DefaultMXBeanMappingFactory (java.management@11.0.1)
1153:             1             16  com.sun.jmx.mbeanserver.DescriptorCache (java.management@11.0.1)
1154:             1             16  com.sun.jmx.mbeanserver.JmxMBeanServer$2 (java.management@11.0.1)
1155:             1             16  com.sun.jmx.mbeanserver.JmxMBeanServer$3 (java.management@11.0.1)
1156:             1             16  com.sun.jmx.mbeanserver.MBeanAnalyzer$MethodOrder (java.management@11.0.1)
1157:             1             16  com.sun.jmx.mbeanserver.MBeanInstantiator (java.management@11.0.1)
1158:             1             16  com.sun.jmx.mbeanserver.MXBeanIntrospector (java.management@11.0.1)
1159:             1             16  com.sun.jmx.mbeanserver.SecureClassLoaderRepository (java.management@11.0.1)
1160:             1             16  com.sun.management.internal.DiagnosticCommandImpl$OperationInfoComparator (jdk.management@11.0.1)
1161:             1             16  com.sun.management.internal.HotSpotDiagnostic (jdk.management@11.0.1)
1162:             1             16  com.sun.management.internal.PlatformMBeanProviderImpl (jdk.management@11.0.1)
1163:             1             16  com.sun.management.internal.PlatformMBeanProviderImpl$$Lambda$47/0x000000080015d440 (jdk.management@11.0.1)
1164:             1             16  com.sun.proxy.$Proxy0
1165:             1             16  com.sun.proxy.$Proxy1
1166:             1             16  io.hbt.bubblegum.core.databasing.ContentDatabase
1167:             1             16  io.hbt.bubblegum.core.databasing.MasterDatabase
1168:             1             16  io.hbt.bubblegum.core.kademlia.BubblegumNode$$Lambda$64/0x000000080016f840
1169:             1             16  io.hbt.bubblegum.core.kademlia.activities.ActivityExecutionContext$$Lambda$89/0x00000008001ef040
1170:             1             16  io.hbt.bubblegum.core.kademlia.activities.FindActivity$$Lambda$90/0x00000008001f9840
1171:             1             16  io.hbt.bubblegum.core.kademlia.activities.PingActivity$$Lambda$65/0x000000080016a440
1172:             1             16  io.hbt.bubblegum.core.kademlia.protobuf.BgKademliaFindNodeResponse$KademliaFindNodeResponse$1
1173:             1             16  io.hbt.bubblegum.core.kademlia.protobuf.BgKademliaFindRequest$KademliaFindRequest$1
1174:             1             16  io.hbt.bubblegum.core.kademlia.protobuf.BgKademliaMessage$KademliaMessage$1
1175:             1             16  io.hbt.bubblegum.core.kademlia.protobuf.BgKademliaPing$KademliaPing$1
1176:             1             16  io.hbt.bubblegum.simulator.Simulator$$Lambda$43/0x000000080015c440
1177:             1             16  java.io.DeleteOnExitHook$1 (java.base@11.0.1)
1178:             1             16  java.io.FileDescriptor$1 (java.base@11.0.1)
1179:             1             16  java.io.FilePermission$1 (java.base@11.0.1)
1180:             1             16  java.io.FilePermissionCollection$1 (java.base@11.0.1)
1181:             1             16  java.io.RandomAccessFile$2 (java.base@11.0.1)
1182:             1             16  java.lang.ApplicationShutdownHooks$1 (java.base@11.0.1)
1183:             1             16  java.lang.CharacterDataLatin1 (java.base@11.0.1)
1184:             1             16  java.lang.InheritableThreadLocal (java.base@11.0.1)
1185:             1             16  java.lang.Runtime (java.base@11.0.1)
1186:             1             16  java.lang.String$CaseInsensitiveComparator (java.base@11.0.1)
1187:             1             16  java.lang.StringCoding$1 (java.base@11.0.1)
1188:             1             16  java.lang.System$2 (java.base@11.0.1)
1189:             1             16  java.lang.System$LoggerFinder$$Lambda$73/0x0000000800196c40 (java.base@11.0.1)
1190:             1             16  java.lang.Terminator$1 (java.base@11.0.1)
1191:             1             16  java.lang.invoke.ClassSpecializer$1 (java.base@11.0.1)
1192:             1             16  java.lang.invoke.MemberName$Factory (java.base@11.0.1)
1193:             1             16  java.lang.invoke.MethodHandleImpl$1 (java.base@11.0.1)
1194:             1             16  java.lang.invoke.StringConcatFactory$MethodHandleInlineCopyStrategy$1 (java.base@11.0.1)
1195:             1             16  java.lang.invoke.StringConcatFactory$MethodHandleInlineCopyStrategy$2 (java.base@11.0.1)
1196:             1             16  java.lang.invoke.StringConcatFactory$MethodHandleInlineCopyStrategy$3 (java.base@11.0.1)
1197:             1             16  java.lang.invoke.VarHandle$1 (java.base@11.0.1)
1198:             1             16  java.lang.management.DefaultPlatformMBeanProvider (java.management@11.0.1)
1199:             1             16  java.lang.management.DefaultPlatformMBeanProvider$10$$Lambda$85/0x0000000800192840 (java.management@11.0.1)
1200:             1             16  java.lang.management.DefaultPlatformMBeanProvider$5$$Lambda$78/0x0000000800195440 (java.management@11.0.1)
1201:             1             16  java.lang.management.DefaultPlatformMBeanProvider$5$$Lambda$79/0x0000000800194840 (java.management@11.0.1)
1202:             1             16  java.lang.management.ManagementFactory$$Lambda$44/0x000000080015c840 (java.management@11.0.1)
1203:             1             16  java.lang.management.ManagementFactory$$Lambda$74/0x0000000800196440 (java.management@11.0.1)
1204:             1             16  java.lang.management.ManagementFactory$$Lambda$75/0x0000000800195840 (java.management@11.0.1)
1205:             1             16  java.lang.management.ManagementFactory$$Lambda$76/0x0000000800195c40 (java.management@11.0.1)
1206:             1             16  java.lang.management.ManagementFactory$PlatformMBeanFinder$$Lambda$45/0x000000080015cc40 (java.management@11.0.1)
1207:             1             16  java.lang.management.ManagementFactory$PlatformMBeanFinder$$Lambda$48/0x000000080015f840 (java.management@11.0.1)
1208:             1             16  java.lang.management.ManagementFactory$PlatformMBeanFinder$$Lambda$49/0x000000080015fc40 (java.management@11.0.1)
1209:             1             16  java.lang.management.ManagementFactory$PlatformMBeanFinder$$Lambda$51/0x000000080015e840 (java.management@11.0.1)
1210:             1             16  java.lang.management.ManagementFactory$PlatformMBeanFinder$$Lambda$55/0x000000080015dc40 (java.management@11.0.1)
1211:             1             16  java.lang.management.ManagementFactory$PlatformMBeanFinder$$Lambda$56/0x0000000800168040 (java.management@11.0.1)
1212:             1             16  java.lang.module.ModuleDescriptor$1 (java.base@11.0.1)
1213:             1             16  java.lang.ref.Cleaner (java.base@11.0.1)
1214:             1             16  java.lang.ref.Cleaner$1 (java.base@11.0.1)
1215:             1             16  java.lang.ref.Reference$1 (java.base@11.0.1)
1216:             1             16  java.lang.reflect.Proxy$$Lambda$83/0x0000000800193c40 (java.base@11.0.1)
1217:             1             16  java.lang.reflect.ReflectAccess (java.base@11.0.1)
1218:             1             16  java.net.InetAddress$2 (java.base@11.0.1)
1219:             1             16  java.net.InetAddress$PlatformNameService (java.base@11.0.1)
1220:             1             16  java.net.URI$1 (java.base@11.0.1)
1221:             1             16  java.net.URL$3 (java.base@11.0.1)
1222:             1             16  java.net.URL$DefaultFactory (java.base@11.0.1)
1223:             1             16  java.nio.Bits$1 (java.base@11.0.1)
1224:             1             16  java.nio.Buffer$1 (java.base@11.0.1)
1225:             1             16  java.security.AllPermission (java.base@11.0.1)
1226:             1             16  java.security.ProtectionDomain$JavaSecurityAccessImpl (java.base@11.0.1)
1227:             1             16  java.text.MessageFormat$Field (java.base@11.0.1)
1228:             1             16  java.util.Collections$EmptyEnumeration (java.base@11.0.1)
1229:             1             16  java.util.Collections$EmptyIterator (java.base@11.0.1)
1230:             1             16  java.util.Collections$EmptyList (java.base@11.0.1)
1231:             1             16  java.util.Collections$EmptySet (java.base@11.0.1)
1232:             1             16  java.util.EnumMap$1 (java.base@11.0.1)
1233:             1             16  java.util.IdentityHashMap$Values (java.base@11.0.1)
1234:             1             16  java.util.ResourceBundle$1 (java.base@11.0.1)
1235:             1             16  java.util.ResourceBundle$Control (java.base@11.0.1)
1236:             1             16  java.util.Spliterators$EmptySpliterator$OfDouble (java.base@11.0.1)
1237:             1             16  java.util.Spliterators$EmptySpliterator$OfInt (java.base@11.0.1)
1238:             1             16  java.util.Spliterators$EmptySpliterator$OfLong (java.base@11.0.1)
1239:             1             16  java.util.Spliterators$EmptySpliterator$OfRef (java.base@11.0.1)
1240:             1             16  java.util.Timer$1 (java.base@11.0.1)
1241:             1             16  java.util.concurrent.ForkJoinPool$1 (java.base@11.0.1)
1242:             1             16  java.util.concurrent.ForkJoinPool$DefaultForkJoinWorkerThreadFactory (java.base@11.0.1)
1243:             1             16  java.util.concurrent.ThreadPoolExecutor$AbortPolicy (java.base@11.0.1)
1244:             1             16  java.util.concurrent.locks.ReentrantReadWriteLock$ReadLock (java.base@11.0.1)
1245:             1             16  java.util.concurrent.locks.ReentrantReadWriteLock$Sync$ThreadLocalHoldCounter (java.base@11.0.1)
1246:             1             16  java.util.concurrent.locks.ReentrantReadWriteLock$WriteLock (java.base@11.0.1)
1247:             1             16  java.util.function.Function$$Lambda$50/0x000000080015f040 (java.base@11.0.1)
1248:             1             16  java.util.jar.JavaUtilJarAccessImpl (java.base@11.0.1)
1249:             1             16  java.util.logging.Level$$Lambda$66/0x0000000800190040 (java.logging@11.0.1)
1250:             1             16  java.util.logging.Level$KnownLevel$$Lambda$67/0x0000000800190440 (java.logging@11.0.1)
1251:             1             16  java.util.logging.LogManager$1 (java.logging@11.0.1)
1252:             1             16  java.util.logging.LogManager$LoggingProviderAccess (java.logging@11.0.1)
1253:             1             16  java.util.logging.LogManager$VisitedLoggers (java.logging@11.0.1)
1254:             1             16  java.util.logging.Logger$SystemLoggerHelper$1 (java.logging@11.0.1)
1255:             1             16  java.util.logging.Logging (java.logging@11.0.1)
1256:             1             16  java.util.regex.CharPredicates$$Lambda$38/0x000000080012f040 (java.base@11.0.1)
1257:             1             16  java.util.regex.CharPredicates$$Lambda$40/0x0000000800150040 (java.base@11.0.1)
1258:             1             16  java.util.regex.Pattern$$Lambda$39/0x000000080012f440 (java.base@11.0.1)
1259:             1             16  java.util.regex.Pattern$1 (java.base@11.0.1)
1260:             1             16  java.util.regex.Pattern$LastNode (java.base@11.0.1)
1261:             1             16  java.util.regex.Pattern$Node (java.base@11.0.1)
1262:             1             16  java.util.stream.Collectors$$Lambda$5/0x0000000800061440 (java.base@11.0.1)
1263:             1             16  java.util.stream.Collectors$$Lambda$52/0x000000080015ec40 (java.base@11.0.1)
1264:             1             16  java.util.stream.Collectors$$Lambda$6/0x0000000800061840 (java.base@11.0.1)
1265:             1             16  java.util.stream.Collectors$$Lambda$61/0x0000000800169440 (java.base@11.0.1)
1266:             1             16  java.util.stream.Collectors$$Lambda$62/0x0000000800169840 (java.base@11.0.1)
1267:             1             16  java.util.stream.Collectors$$Lambda$63/0x0000000800169c40 (java.base@11.0.1)
1268:             1             16  java.util.stream.Collectors$$Lambda$7/0x0000000800061c40 (java.base@11.0.1)
1269:             1             16  java.util.stream.Collectors$$Lambda$8/0x0000000800062040 (java.base@11.0.1)
1270:             1             16  java.util.stream.Collectors$$Lambda$80/0x0000000800194c40 (java.base@11.0.1)
1271:             1             16  java.util.stream.Collectors$$Lambda$82/0x0000000800193840 (java.base@11.0.1)
1272:             1             16  java.util.stream.FindOps$FindSink$OfRef$$Lambda$10/0x0000000800062840 (java.base@11.0.1)
1273:             1             16  java.util.stream.FindOps$FindSink$OfRef$$Lambda$11/0x0000000800062c40 (java.base@11.0.1)
1274:             1             16  java.util.stream.FindOps$FindSink$OfRef$$Lambda$12/0x0000000800063040 (java.base@11.0.1)
1275:             1             16  java.util.stream.FindOps$FindSink$OfRef$$Lambda$13/0x0000000800063440 (java.base@11.0.1)
1276:             1             16  java.util.zip.ZipFile$1 (java.base@11.0.1)
1277:             1             16  javax.management.JMX (java.management@11.0.1)
1278:             1             16  javax.management.MBeanServerBuilder (java.management@11.0.1)
1279:             1             16  javax.management.NotificationBroadcasterSupport$1 (java.management@11.0.1)
1280:             1             16  jdk.internal.jimage.ImageBufferCache$1 (java.base@11.0.1)
1281:             1             16  jdk.internal.jimage.ImageBufferCache$2 (java.base@11.0.1)
1282:             1             16  jdk.internal.jimage.ImageReaderFactory$1 (java.base@11.0.1)
1283:             1             16  jdk.internal.jimage.ImageStringsReader (java.base@11.0.1)
1284:             1             16  jdk.internal.jimage.decompressor.Decompressor (java.base@11.0.1)
1285:             1             16  jdk.internal.logger.BootstrapLogger$DetectBackend$1 (java.base@11.0.1)
1286:             1             16  jdk.internal.logger.LazyLoggers$1 (java.base@11.0.1)
1287:             1             16  jdk.internal.logger.LazyLoggers$LazyLoggerFactories (java.base@11.0.1)
1288:             1             16  jdk.internal.math.FloatingDecimal$1 (java.base@11.0.1)
1289:             1             16  jdk.internal.misc.TerminatingThreadLocal$1 (java.base@11.0.1)
1290:             1             16  jdk.internal.misc.Unsafe (java.base@11.0.1)
1291:             1             16  jdk.internal.module.DefaultRoots$$Lambda$1/0x0000000800060040 (java.base@11.0.1)
1292:             1             16  jdk.internal.module.DefaultRoots$$Lambda$2/0x0000000800060840 (java.base@11.0.1)
1293:             1             16  jdk.internal.module.DefaultRoots$$Lambda$4/0x0000000800061040 (java.base@11.0.1)
1294:             1             16  jdk.internal.module.DefaultRoots$$Lambda$9/0x0000000800062440 (java.base@11.0.1)
1295:             1             16  jdk.internal.module.IllegalAccessLogger$$Lambda$70/0x0000000800197040 (java.base@11.0.1)
1296:             1             16  jdk.internal.module.ModulePatcher (java.base@11.0.1)
1297:             1             16  jdk.internal.module.ModuleTarget (java.base@11.0.1)
1298:             1             16  jdk.internal.perf.Perf (java.base@11.0.1)
1299:             1             16  jdk.internal.reflect.BootstrapConstructorAccessorImpl (java.base@11.0.1)
1300:             1             16  jdk.internal.reflect.ClassDefiner$1 (java.base@11.0.1)
1301:             1             16  jdk.internal.reflect.GeneratedConstructorAccessor1 (java.base@11.0.1)
1302:             1             16  jdk.internal.reflect.Label (java.base@11.0.1)
1303:             1             16  jdk.internal.reflect.ReflectionFactory (java.base@11.0.1)
1304:             1             16  jdk.internal.util.Preconditions$1 (java.base@11.0.1)
1305:             1             16  jdk.management.jfr.SettingDescriptorInfo$1 (jdk.management.jfr@11.0.1)
1306:             1             16  jdk.net.ExtendedSocketOptions$1 (jdk.net@11.0.1)
1307:             1             16  jdk.net.MacOSXSocketOptions (jdk.net@11.0.1)
1308:             1             16  jdk.net.MacOSXSocketOptions$$Lambda$17/0x00000008000ab040 (jdk.net@11.0.1)
1309:             1             16  org.sqlite.JDBC
1310:             1             16  org.sqlite.date.FastDateFormat$1
1311:             1             16  org.sqlite.date.FastDateParser$1
1312:             1             16  org.sqlite.date.FastDateParser$2
1313:             1             16  org.sqlite.date.FastDateParser$3
1314:             1             16  org.sqlite.date.FastDateParser$4
1315:             1             16  org.sqlite.date.FastDatePrinter$TwoDigitMonthField
1316:             1             16  sun.management.ClassLoadingImpl (java.management@11.0.1)
1317:             1             16  sun.management.ManagementFactoryHelper$LoggingMXBeanAccess$1 (java.management@11.0.1)
1318:             1             16  sun.misc.Unsafe (jdk.unsupported@11.0.1)
1319:             1             16  sun.net.DefaultProgressMeteringPolicy (java.base@11.0.1)
1320:             1             16  sun.net.spi.DefaultProxySelector (java.base@11.0.1)
1321:             1             16  sun.net.www.protocol.file.Handler (java.base@11.0.1)
1322:             1             16  sun.net.www.protocol.jar.Handler (java.base@11.0.1)
1323:             1             16  sun.net.www.protocol.jar.JarFileFactory (java.base@11.0.1)
1324:             1             16  sun.net.www.protocol.jrt.Handler (java.base@11.0.1)
1325:             1             16  sun.net.www.protocol.jrt.JavaRuntimeURLConnection$$Lambda$16/0x00000008000abc40 (java.base@11.0.1)
1326:             1             16  sun.nio.ch.FileChannelImpl$1 (java.base@11.0.1)
1327:             1             16  sun.nio.ch.IOUtil$1 (java.base@11.0.1)
1328:             1             16  sun.nio.fs.NativeBuffers$1 (java.base@11.0.1)
1329:             1             16  sun.reflect.generics.tree.LongSignature (java.base@11.0.1)
1330:             1             16  sun.reflect.generics.tree.TypeVariableSignature (java.base@11.0.1)
1331:             1             16  sun.reflect.generics.tree.VoidDescriptor (java.base@11.0.1)
1332:             1             16  sun.security.action.GetBooleanAction (java.base@11.0.1)
1333:             1             16  sun.security.provider.NativePRNG (java.base@11.0.1)
1334:             1             16  sun.util.calendar.Gregorian (java.base@11.0.1)
1335:             1             16  sun.util.cldr.CLDRBaseLocaleDataMetaInfo (java.base@11.0.1)
1336:             1             16  sun.util.locale.InternalLocaleBuilder$CaseInsensitiveChar (java.base@11.0.1)
1337:             1             16  sun.util.locale.provider.CalendarDataUtility$CalendarWeekParameterGetter (java.base@11.0.1)
1338:             1             16  sun.util.locale.provider.TimeZoneNameUtility$TimeZoneNameGetter (java.base@11.0.1)
1339:             1             16  sun.util.logging.internal.LoggingProviderImpl (java.logging@11.0.1)
1340:             1             16  sun.util.resources.LocaleData$LocaleDataStrategy (java.base@11.0.1)
1341:             1             16  sun.util.resources.cldr.provider.CLDRLocaleDataMetaInfo (jdk.localedata@11.0.1)
Total       1292154       81937104
